mkdir build		
arm-none-eabi-gcc -c -mcpu=cortex-m4 -mthumb -mfpu=fpv4-sp-d16 -mfloat-abi=hard -DUSE_HAL_DRIVER -DSTM32G4A1xx -ICore/Inc/bms -ICore/Inc/bms/timebase -ICore/Inc/bms/errors -ICore/Inc/common -ICore/Lib/can/lib -ICore/Lib/can/lib/bms -ICore/Lib/can/lib/ivts -ICore/Lib/can/lib/simulator -ICore/Lib/can/lib/primary -ICore/Lib/can/lib/inverters -ICore/Lib/can/lib/secondary -I/Users/riccardo/Documents/Projects/eagle/hv-bms-cellboard-sw/Core/Lib/micro-libs/blinky/inc -I/Users/riccardo/Documents/Projects/eagle/hv-bms-cellboard-sw/Core/Lib/micro-libs/bms-monitor/inc -I/Users/riccardo/Documents/Projects/eagle/hv-bms-cellboard-sw/Core/Lib/micro-libs/ring-buffer/inc -I/Users/riccardo/Documents/Projects/eagle/hv-bms-cellboard-sw/Core/Lib/micro-libs/min-heap/inc -ICore/Lib/micro-libs/timer-utils -IDrivers/STM32G4xx_HAL_Driver/Inc -IDrivers/STM32G4xx_HAL_Driver/Inc/Legacy -IDrivers/CMSIS/Device/ST/STM32G4xx/Include -IDrivers/CMSIS/Include -ICore/Inc -Og -Wall -fdata-sections -ffunction-sections -g -gdwarf-2 -MMD -MP -MF"build/led.d" -Wa,-a,-ad,-alms=build/led.lst Core/Src/bms/led.c -o build/led.o
arm-none-eabi-gcc -c -mcpu=cortex-m4 -mthumb -mfpu=fpv4-sp-d16 -mfloat-abi=hard -DUSE_HAL_DRIVER -DSTM32G4A1xx -ICore/Inc/bms -ICore/Inc/bms/timebase -ICore/Inc/bms/errors -ICore/Inc/common -ICore/Lib/can/lib -ICore/Lib/can/lib/bms -ICore/Lib/can/lib/ivts -ICore/Lib/can/lib/simulator -ICore/Lib/can/lib/primary -ICore/Lib/can/lib/inverters -ICore/Lib/can/lib/secondary -I/Users/riccardo/Documents/Projects/eagle/hv-bms-cellboard-sw/Core/Lib/micro-libs/blinky/inc -I/Users/riccardo/Documents/Projects/eagle/hv-bms-cellboard-sw/Core/Lib/micro-libs/bms-monitor/inc -I/Users/riccardo/Documents/Projects/eagle/hv-bms-cellboard-sw/Core/Lib/micro-libs/ring-buffer/inc -I/Users/riccardo/Documents/Projects/eagle/hv-bms-cellboard-sw/Core/Lib/micro-libs/min-heap/inc -ICore/Lib/micro-libs/timer-utils -IDrivers/STM32G4xx_HAL_Driver/Inc -IDrivers/STM32G4xx_HAL_Driver/Inc/Legacy -IDrivers/CMSIS/Device/ST/STM32G4xx/Include -IDrivers/CMSIS/Include -ICore/Inc -Og -Wall -fdata-sections -ffunction-sections -g -gdwarf-2 -MMD -MP -MF"build/identity.d" -Wa,-a,-ad,-alms=build/identity.lst Core/Src/bms/identity.c -o build/identity.o
arm-none-eabi-gcc -c -mcpu=cortex-m4 -mthumb -mfpu=fpv4-sp-d16 -mfloat-abi=hard -DUSE_HAL_DRIVER -DSTM32G4A1xx -ICore/Inc/bms -ICore/Inc/bms/timebase -ICore/Inc/bms/errors -ICore/Inc/common -ICore/Lib/can/lib -ICore/Lib/can/lib/bms -ICore/Lib/can/lib/ivts -ICore/Lib/can/lib/simulator -ICore/Lib/can/lib/primary -ICore/Lib/can/lib/inverters -ICore/Lib/can/lib/secondary -I/Users/riccardo/Documents/Projects/eagle/hv-bms-cellboard-sw/Core/Lib/micro-libs/blinky/inc -I/Users/riccardo/Documents/Projects/eagle/hv-bms-cellboard-sw/Core/Lib/micro-libs/bms-monitor/inc -I/Users/riccardo/Documents/Projects/eagle/hv-bms-cellboard-sw/Core/Lib/micro-libs/ring-buffer/inc -I/Users/riccardo/Documents/Projects/eagle/hv-bms-cellboard-sw/Core/Lib/micro-libs/min-heap/inc -ICore/Lib/micro-libs/timer-utils -IDrivers/STM32G4xx_HAL_Driver/Inc -IDrivers/STM32G4xx_HAL_Driver/Inc/Legacy -IDrivers/CMSIS/Device/ST/STM32G4xx/Include -IDrivers/CMSIS/Include -ICore/Inc -Og -Wall -fdata-sections -ffunction-sections -g -gdwarf-2 -MMD -MP -MF"build/temp.d" -Wa,-a,-ad,-alms=build/temp.lst Core/Src/bms/temp.c -o build/temp.o
arm-none-eabi-gcc -c -mcpu=cortex-m4 -mthumb -mfpu=fpv4-sp-d16 -mfloat-abi=hard -DUSE_HAL_DRIVER -DSTM32G4A1xx -ICore/Inc/bms -ICore/Inc/bms/timebase -ICore/Inc/bms/errors -ICore/Inc/common -ICore/Lib/can/lib -ICore/Lib/can/lib/bms -ICore/Lib/can/lib/ivts -ICore/Lib/can/lib/simulator -ICore/Lib/can/lib/primary -ICore/Lib/can/lib/inverters -ICore/Lib/can/lib/secondary -I/Users/riccardo/Documents/Projects/eagle/hv-bms-cellboard-sw/Core/Lib/micro-libs/blinky/inc -I/Users/riccardo/Documents/Projects/eagle/hv-bms-cellboard-sw/Core/Lib/micro-libs/bms-monitor/inc -I/Users/riccardo/Documents/Projects/eagle/hv-bms-cellboard-sw/Core/Lib/micro-libs/ring-buffer/inc -I/Users/riccardo/Documents/Projects/eagle/hv-bms-cellboard-sw/Core/Lib/micro-libs/min-heap/inc -ICore/Lib/micro-libs/timer-utils -IDrivers/STM32G4xx_HAL_Driver/Inc -IDrivers/STM32G4xx_HAL_Driver/Inc/Legacy -IDrivers/CMSIS/Device/ST/STM32G4xx/Include -IDrivers/CMSIS/Include -ICore/Inc -Og -Wall -fdata-sections -ffunction-sections -g -gdwarf-2 -MMD -MP -MF"build/volt.d" -Wa,-a,-ad,-alms=build/volt.lst Core/Src/bms/volt.c -o build/volt.o
arm-none-eabi-gcc -c -mcpu=cortex-m4 -mthumb -mfpu=fpv4-sp-d16 -mfloat-abi=hard -DUSE_HAL_DRIVER -DSTM32G4A1xx -ICore/Inc/bms -ICore/Inc/bms/timebase -ICore/Inc/bms/errors -ICore/Inc/common -ICore/Lib/can/lib -ICore/Lib/can/lib/bms -ICore/Lib/can/lib/ivts -ICore/Lib/can/lib/simulator -ICore/Lib/can/lib/primary -ICore/Lib/can/lib/inverters -ICore/Lib/can/lib/secondary -I/Users/riccardo/Documents/Projects/eagle/hv-bms-cellboard-sw/Core/Lib/micro-libs/blinky/inc -I/Users/riccardo/Documents/Projects/eagle/hv-bms-cellboard-sw/Core/Lib/micro-libs/bms-monitor/inc -I/Users/riccardo/Documents/Projects/eagle/hv-bms-cellboard-sw/Core/Lib/micro-libs/ring-buffer/inc -I/Users/riccardo/Documents/Projects/eagle/hv-bms-cellboard-sw/Core/Lib/micro-libs/min-heap/inc -ICore/Lib/micro-libs/timer-utils -IDrivers/STM32G4xx_HAL_Driver/Inc -IDrivers/STM32G4xx_HAL_Driver/Inc/Legacy -IDrivers/CMSIS/Device/ST/STM32G4xx/Include -IDrivers/CMSIS/Include -ICore/Inc -Og -Wall -fdata-sections -ffunction-sections -g -gdwarf-2 -MMD -MP -MF"build/canlib-watchdog.d" -Wa,-a,-ad,-alms=build/canlib-watchdog.lst Core/Src/bms/canlib-watchdog.c -o build/canlib-watchdog.o
arm-none-eabi-gcc -c -mcpu=cortex-m4 -mthumb -mfpu=fpv4-sp-d16 -mfloat-abi=hard -DUSE_HAL_DRIVER -DSTM32G4A1xx -ICore/Inc/bms -ICore/Inc/bms/timebase -ICore/Inc/bms/errors -ICore/Inc/common -ICore/Lib/can/lib -ICore/Lib/can/lib/bms -ICore/Lib/can/lib/ivts -ICore/Lib/can/lib/simulator -ICore/Lib/can/lib/primary -ICore/Lib/can/lib/inverters -ICore/Lib/can/lib/secondary -I/Users/riccardo/Documents/Projects/eagle/hv-bms-cellboard-sw/Core/Lib/micro-libs/blinky/inc -I/Users/riccardo/Documents/Projects/eagle/hv-bms-cellboard-sw/Core/Lib/micro-libs/bms-monitor/inc -I/Users/riccardo/Documents/Projects/eagle/hv-bms-cellboard-sw/Core/Lib/micro-libs/ring-buffer/inc -I/Users/riccardo/Documents/Projects/eagle/hv-bms-cellboard-sw/Core/Lib/micro-libs/min-heap/inc -ICore/Lib/micro-libs/timer-utils -IDrivers/STM32G4xx_HAL_Driver/Inc -IDrivers/STM32G4xx_HAL_Driver/Inc/Legacy -IDrivers/CMSIS/Device/ST/STM32G4xx/Include -IDrivers/CMSIS/Include -ICore/Inc -Og -Wall -fdata-sections -ffunction-sections -g -gdwarf-2 -MMD -MP -MF"build/can-comm.d" -Wa,-a,-ad,-alms=build/can-comm.lst Core/Src/bms/can-comm.c -o build/can-comm.o
arm-none-eabi-gcc -c -mcpu=cortex-m4 -mthumb -mfpu=fpv4-sp-d16 -mfloat-abi=hard -DUSE_HAL_DRIVER -DSTM32G4A1xx -ICore/Inc/bms -ICore/Inc/bms/timebase -ICore/Inc/bms/errors -ICore/Inc/common -ICore/Lib/can/lib -ICore/Lib/can/lib/bms -ICore/Lib/can/lib/ivts -ICore/Lib/can/lib/simulator -ICore/Lib/can/lib/primary -ICore/Lib/can/lib/inverters -ICore/Lib/can/lib/secondary -I/Users/riccardo/Documents/Projects/eagle/hv-bms-cellboard-sw/Core/Lib/micro-libs/blinky/inc -I/Users/riccardo/Documents/Projects/eagle/hv-bms-cellboard-sw/Core/Lib/micro-libs/bms-monitor/inc -I/Users/riccardo/Documents/Projects/eagle/hv-bms-cellboard-sw/Core/Lib/micro-libs/ring-buffer/inc -I/Users/riccardo/Documents/Projects/eagle/hv-bms-cellboard-sw/Core/Lib/micro-libs/min-heap/inc -ICore/Lib/micro-libs/timer-utils -IDrivers/STM32G4xx_HAL_Driver/Inc -IDrivers/STM32G4xx_HAL_Driver/Inc/Legacy -IDrivers/CMSIS/Device/ST/STM32G4xx/Include -IDrivers/CMSIS/Include -ICore/Inc -Og -Wall -fdata-sections -ffunction-sections -g -gdwarf-2 -MMD -MP -MF"build/bms-manager.d" -Wa,-a,-ad,-alms=build/bms-manager.lst Core/Src/bms/bms-manager.c -o build/bms-manager.o
arm-none-eabi-gcc -c -mcpu=cortex-m4 -mthumb -mfpu=fpv4-sp-d16 -mfloat-abi=hard -DUSE_HAL_DRIVER -DSTM32G4A1xx -ICore/Inc/bms -ICore/Inc/bms/timebase -ICore/Inc/bms/errors -ICore/Inc/common -ICore/Lib/can/lib -ICore/Lib/can/lib/bms -ICore/Lib/can/lib/ivts -ICore/Lib/can/lib/simulator -ICore/Lib/can/lib/primary -ICore/Lib/can/lib/inverters -ICore/Lib/can/lib/secondary -I/Users/riccardo/Documents/Projects/eagle/hv-bms-cellboard-sw/Core/Lib/micro-libs/blinky/inc -I/Users/riccardo/Documents/Projects/eagle/hv-bms-cellboard-sw/Core/Lib/micro-libs/bms-monitor/inc -I/Users/riccardo/Documents/Projects/eagle/hv-bms-cellboard-sw/Core/Lib/micro-libs/ring-buffer/inc -I/Users/riccardo/Documents/Projects/eagle/hv-bms-cellboard-sw/Core/Lib/micro-libs/min-heap/inc -ICore/Lib/micro-libs/timer-utils -IDrivers/STM32G4xx_HAL_Driver/Inc -IDrivers/STM32G4xx_HAL_Driver/Inc/Legacy -IDrivers/CMSIS/Device/ST/STM32G4xx/Include -IDrivers/CMSIS/Include -ICore/Inc -Og -Wall -fdata-sections -ffunction-sections -g -gdwarf-2 -MMD -MP -MF"build/bal.d" -Wa,-a,-ad,-alms=build/bal.lst Core/Src/bms/bal.c -o build/bal.o
arm-none-eabi-gcc -c -mcpu=cortex-m4 -mthumb -mfpu=fpv4-sp-d16 -mfloat-abi=hard -DUSE_HAL_DRIVER -DSTM32G4A1xx -ICore/Inc/bms -ICore/Inc/bms/timebase -ICore/Inc/bms/errors -ICore/Inc/common -ICore/Lib/can/lib -ICore/Lib/can/lib/bms -ICore/Lib/can/lib/ivts -ICore/Lib/can/lib/simulator -ICore/Lib/can/lib/primary -ICore/Lib/can/lib/inverters -ICore/Lib/can/lib/secondary -I/Users/riccardo/Documents/Projects/eagle/hv-bms-cellboard-sw/Core/Lib/micro-libs/blinky/inc -I/Users/riccardo/Documents/Projects/eagle/hv-bms-cellboard-sw/Core/Lib/micro-libs/bms-monitor/inc -I/Users/riccardo/Documents/Projects/eagle/hv-bms-cellboard-sw/Core/Lib/micro-libs/ring-buffer/inc -I/Users/riccardo/Documents/Projects/eagle/hv-bms-cellboard-sw/Core/Lib/micro-libs/min-heap/inc -ICore/Lib/micro-libs/timer-utils -IDrivers/STM32G4xx_HAL_Driver/Inc -IDrivers/STM32G4xx_HAL_Driver/Inc/Legacy -IDrivers/CMSIS/Device/ST/STM32G4xx/Include -IDrivers/CMSIS/Include -ICore/Inc -Og -Wall -fdata-sections -ffunction-sections -g -gdwarf-2 -MMD -MP -MF"build/programmer.d" -Wa,-a,-ad,-alms=build/programmer.lst Core/Src/bms/programmer.c -o build/programmer.o
arm-none-eabi-gcc -c -mcpu=cortex-m4 -mthumb -mfpu=fpv4-sp-d16 -mfloat-abi=hard -DUSE_HAL_DRIVER -DSTM32G4A1xx -ICore/Inc/bms -ICore/Inc/bms/timebase -ICore/Inc/bms/errors -ICore/Inc/common -ICore/Lib/can/lib -ICore/Lib/can/lib/bms -ICore/Lib/can/lib/ivts -ICore/Lib/can/lib/simulator -ICore/Lib/can/lib/primary -ICore/Lib/can/lib/inverters -ICore/Lib/can/lib/secondary -I/Users/riccardo/Documents/Projects/eagle/hv-bms-cellboard-sw/Core/Lib/micro-libs/blinky/inc -I/Users/riccardo/Documents/Projects/eagle/hv-bms-cellboard-sw/Core/Lib/micro-libs/bms-monitor/inc -I/Users/riccardo/Documents/Projects/eagle/hv-bms-cellboard-sw/Core/Lib/micro-libs/ring-buffer/inc -I/Users/riccardo/Documents/Projects/eagle/hv-bms-cellboard-sw/Core/Lib/micro-libs/min-heap/inc -ICore/Lib/micro-libs/timer-utils -IDrivers/STM32G4xx_HAL_Driver/Inc -IDrivers/STM32G4xx_HAL_Driver/Inc/Legacy -IDrivers/CMSIS/Device/ST/STM32G4xx/Include -IDrivers/CMSIS/Include -ICore/Inc -Og -Wall -fdata-sections -ffunction-sections -g -gdwarf-2 -MMD -MP -MF"build/post.d" -Wa,-a,-ad,-alms=build/post.lst Core/Src/bms/post.c -o build/post.o
arm-none-eabi-gcc -c -mcpu=cortex-m4 -mthumb -mfpu=fpv4-sp-d16 -mfloat-abi=hard -DUSE_HAL_DRIVER -DSTM32G4A1xx -ICore/Inc/bms -ICore/Inc/bms/timebase -ICore/Inc/bms/errors -ICore/Inc/common -ICore/Lib/can/lib -ICore/Lib/can/lib/bms -ICore/Lib/can/lib/ivts -ICore/Lib/can/lib/simulator -ICore/Lib/can/lib/primary -ICore/Lib/can/lib/inverters -ICore/Lib/can/lib/secondary -I/Users/riccardo/Documents/Projects/eagle/hv-bms-cellboard-sw/Core/Lib/micro-libs/blinky/inc -I/Users/riccardo/Documents/Projects/eagle/hv-bms-cellboard-sw/Core/Lib/micro-libs/bms-monitor/inc -I/Users/riccardo/Documents/Projects/eagle/hv-bms-cellboard-sw/Core/Lib/micro-libs/ring-buffer/inc -I/Users/riccardo/Documents/Projects/eagle/hv-bms-cellboard-sw/Core/Lib/micro-libs/min-heap/inc -ICore/Lib/micro-libs/timer-utils -IDrivers/STM32G4xx_HAL_Driver/Inc -IDrivers/STM32G4xx_HAL_Driver/Inc/Legacy -IDrivers/CMSIS/Device/ST/STM32G4xx/Include -IDrivers/CMSIS/Include -ICore/Inc -Og -Wall -fdata-sections -ffunction-sections -g -gdwarf-2 -MMD -MP -MF"build/timebase.d" -Wa,-a,-ad,-alms=build/timebase.lst Core/Src/bms/timebase/timebase.c -o build/timebase.o
arm-none-eabi-gcc -c -mcpu=cortex-m4 -mthumb -mfpu=fpv4-sp-d16 -mfloat-abi=hard -DUSE_HAL_DRIVER -DSTM32G4A1xx -ICore/Inc/bms -ICore/Inc/bms/timebase -ICore/Inc/bms/errors -ICore/Inc/common -ICore/Lib/can/lib -ICore/Lib/can/lib/bms -ICore/Lib/can/lib/ivts -ICore/Lib/can/lib/simulator -ICore/Lib/can/lib/primary -ICore/Lib/can/lib/inverters -ICore/Lib/can/lib/secondary -I/Users/riccardo/Documents/Projects/eagle/hv-bms-cellboard-sw/Core/Lib/micro-libs/blinky/inc -I/Users/riccardo/Documents/Projects/eagle/hv-bms-cellboard-sw/Core/Lib/micro-libs/bms-monitor/inc -I/Users/riccardo/Documents/Projects/eagle/hv-bms-cellboard-sw/Core/Lib/micro-libs/ring-buffer/inc -I/Users/riccardo/Documents/Projects/eagle/hv-bms-cellboard-sw/Core/Lib/micro-libs/min-heap/inc -ICore/Lib/micro-libs/timer-utils -IDrivers/STM32G4xx_HAL_Driver/Inc -IDrivers/STM32G4xx_HAL_Driver/Inc/Legacy -IDrivers/CMSIS/Device/ST/STM32G4xx/Include -IDrivers/CMSIS/Include -ICore/Inc -Og -Wall -fdata-sections -ffunction-sections -g -gdwarf-2 -MMD -MP -MF"build/watchdog.d" -Wa,-a,-ad,-alms=build/watchdog.lst Core/Src/bms/timebase/watchdog.c -o build/watchdog.o
arm-none-eabi-gcc -c -mcpu=cortex-m4 -mthumb -mfpu=fpv4-sp-d16 -mfloat-abi=hard -DUSE_HAL_DRIVER -DSTM32G4A1xx -ICore/Inc/bms -ICore/Inc/bms/timebase -ICore/Inc/bms/errors -ICore/Inc/common -ICore/Lib/can/lib -ICore/Lib/can/lib/bms -ICore/Lib/can/lib/ivts -ICore/Lib/can/lib/simulator -ICore/Lib/can/lib/primary -ICore/Lib/can/lib/inverters -ICore/Lib/can/lib/secondary -I/Users/riccardo/Documents/Projects/eagle/hv-bms-cellboard-sw/Core/Lib/micro-libs/blinky/inc -I/Users/riccardo/Documents/Projects/eagle/hv-bms-cellboard-sw/Core/Lib/micro-libs/bms-monitor/inc -I/Users/riccardo/Documents/Projects/eagle/hv-bms-cellboard-sw/Core/Lib/micro-libs/ring-buffer/inc -I/Users/riccardo/Documents/Projects/eagle/hv-bms-cellboard-sw/Core/Lib/micro-libs/min-heap/inc -ICore/Lib/micro-libs/timer-utils -IDrivers/STM32G4xx_HAL_Driver/Inc -IDrivers/STM32G4xx_HAL_Driver/Inc/Legacy -IDrivers/CMSIS/Device/ST/STM32G4xx/Include -IDrivers/CMSIS/Include -ICore/Inc -Og -Wall -fdata-sections -ffunction-sections -g -gdwarf-2 -MMD -MP -MF"build/tasks.d" -Wa,-a,-ad,-alms=build/tasks.lst Core/Src/bms/timebase/tasks.c -o build/tasks.o
arm-none-eabi-gcc -c -mcpu=cortex-m4 -mthumb -mfpu=fpv4-sp-d16 -mfloat-abi=hard -DUSE_HAL_DRIVER -DSTM32G4A1xx -ICore/Inc/bms -ICore/Inc/bms/timebase -ICore/Inc/bms/errors -ICore/Inc/common -ICore/Lib/can/lib -ICore/Lib/can/lib/bms -ICore/Lib/can/lib/ivts -ICore/Lib/can/lib/simulator -ICore/Lib/can/lib/primary -ICore/Lib/can/lib/inverters -ICore/Lib/can/lib/secondary -I/Users/riccardo/Documents/Projects/eagle/hv-bms-cellboard-sw/Core/Lib/micro-libs/blinky/inc -I/Users/riccardo/Documents/Projects/eagle/hv-bms-cellboard-sw/Core/Lib/micro-libs/bms-monitor/inc -I/Users/riccardo/Documents/Projects/eagle/hv-bms-cellboard-sw/Core/Lib/micro-libs/ring-buffer/inc -I/Users/riccardo/Documents/Projects/eagle/hv-bms-cellboard-sw/Core/Lib/micro-libs/min-heap/inc -ICore/Lib/micro-libs/timer-utils -IDrivers/STM32G4xx_HAL_Driver/Inc -IDrivers/STM32G4xx_HAL_Driver/Inc/Legacy -IDrivers/CMSIS/Device/ST/STM32G4xx/Include -IDrivers/CMSIS/Include -ICore/Inc -Og -Wall -fdata-sections -ffunction-sections -g -gdwarf-2 -MMD -MP -MF"build/fsm.d" -Wa,-a,-ad,-alms=build/fsm.lst Core/Src/bms/fsm.c -o build/fsm.o
arm-none-eabi-gcc -c -mcpu=cortex-m4 -mthumb -mfpu=fpv4-sp-d16 -mfloat-abi=hard -DUSE_HAL_DRIVER -DSTM32G4A1xx -ICore/Inc/bms -ICore/Inc/bms/timebase -ICore/Inc/bms/errors -ICore/Inc/common -ICore/Lib/can/lib -ICore/Lib/can/lib/bms -ICore/Lib/can/lib/ivts -ICore/Lib/can/lib/simulator -ICore/Lib/can/lib/primary -ICore/Lib/can/lib/inverters -ICore/Lib/can/lib/secondary -I/Users/riccardo/Documents/Projects/eagle/hv-bms-cellboard-sw/Core/Lib/micro-libs/blinky/inc -I/Users/riccardo/Documents/Projects/eagle/hv-bms-cellboard-sw/Core/Lib/micro-libs/bms-monitor/inc -I/Users/riccardo/Documents/Projects/eagle/hv-bms-cellboard-sw/Core/Lib/micro-libs/ring-buffer/inc -I/Users/riccardo/Documents/Projects/eagle/hv-bms-cellboard-sw/Core/Lib/micro-libs/min-heap/inc -ICore/Lib/micro-libs/timer-utils -IDrivers/STM32G4xx_HAL_Driver/Inc -IDrivers/STM32G4xx_HAL_Driver/Inc/Legacy -IDrivers/CMSIS/Device/ST/STM32G4xx/Include -IDrivers/CMSIS/Include -ICore/Inc -Og -Wall -fdata-sections -ffunction-sections -g -gdwarf-2 -MMD -MP -MF"build/error.d" -Wa,-a,-ad,-alms=build/error.lst Core/Src/bms/errors/error.c -o build/error.o
arm-none-eabi-gcc -c -mcpu=cortex-m4 -mthumb -mfpu=fpv4-sp-d16 -mfloat-abi=hard -DUSE_HAL_DRIVER -DSTM32G4A1xx -ICore/Inc/bms -ICore/Inc/bms/timebase -ICore/Inc/bms/errors -ICore/Inc/common -ICore/Lib/can/lib -ICore/Lib/can/lib/bms -ICore/Lib/can/lib/ivts -ICore/Lib/can/lib/simulator -ICore/Lib/can/lib/primary -ICore/Lib/can/lib/inverters -ICore/Lib/can/lib/secondary -I/Users/riccardo/Documents/Projects/eagle/hv-bms-cellboard-sw/Core/Lib/micro-libs/blinky/inc -I/Users/riccardo/Documents/Projects/eagle/hv-bms-cellboard-sw/Core/Lib/micro-libs/bms-monitor/inc -I/Users/riccardo/Documents/Projects/eagle/hv-bms-cellboard-sw/Core/Lib/micro-libs/ring-buffer/inc -I/Users/riccardo/Documents/Projects/eagle/hv-bms-cellboard-sw/Core/Lib/micro-libs/min-heap/inc -ICore/Lib/micro-libs/timer-utils -IDrivers/STM32G4xx_HAL_Driver/Inc -IDrivers/STM32G4xx_HAL_Driver/Inc/Legacy -IDrivers/CMSIS/Device/ST/STM32G4xx/Include -IDrivers/CMSIS/Include -ICore/Inc -Og -Wall -fdata-sections -ffunction-sections -g -gdwarf-2 -MMD -MP -MF"build/canlib_device.d" -Wa,-a,-ad,-alms=build/canlib_device.lst Core/Lib/can/lib/canlib_device.c -o build/canlib_device.o
arm-none-eabi-gcc -c -mcpu=cortex-m4 -mthumb -mfpu=fpv4-sp-d16 -mfloat-abi=hard -DUSE_HAL_DRIVER -DSTM32G4A1xx -ICore/Inc/bms -ICore/Inc/bms/timebase -ICore/Inc/bms/errors -ICore/Inc/common -ICore/Lib/can/lib -ICore/Lib/can/lib/bms -ICore/Lib/can/lib/ivts -ICore/Lib/can/lib/simulator -ICore/Lib/can/lib/primary -ICore/Lib/can/lib/inverters -ICore/Lib/can/lib/secondary -I/Users/riccardo/Documents/Projects/eagle/hv-bms-cellboard-sw/Core/Lib/micro-libs/blinky/inc -I/Users/riccardo/Documents/Projects/eagle/hv-bms-cellboard-sw/Core/Lib/micro-libs/bms-monitor/inc -I/Users/riccardo/Documents/Projects/eagle/hv-bms-cellboard-sw/Core/Lib/micro-libs/ring-buffer/inc -I/Users/riccardo/Documents/Projects/eagle/hv-bms-cellboard-sw/Core/Lib/micro-libs/min-heap/inc -ICore/Lib/micro-libs/timer-utils -IDrivers/STM32G4xx_HAL_Driver/Inc -IDrivers/STM32G4xx_HAL_Driver/Inc/Legacy -IDrivers/CMSIS/Device/ST/STM32G4xx/Include -IDrivers/CMSIS/Include -ICore/Inc -Og -Wall -fdata-sections -ffunction-sections -g -gdwarf-2 -MMD -MP -MF"build/bms_watchdog.d" -Wa,-a,-ad,-alms=build/bms_watchdog.lst Core/Lib/can/lib/bms/bms_watchdog.c -o build/bms_watchdog.o
arm-none-eabi-gcc -c -mcpu=cortex-m4 -mthumb -mfpu=fpv4-sp-d16 -mfloat-abi=hard -DUSE_HAL_DRIVER -DSTM32G4A1xx -ICore/Inc/bms -ICore/Inc/bms/timebase -ICore/Inc/bms/errors -ICore/Inc/common -ICore/Lib/can/lib -ICore/Lib/can/lib/bms -ICore/Lib/can/lib/ivts -ICore/Lib/can/lib/simulator -ICore/Lib/can/lib/primary -ICore/Lib/can/lib/inverters -ICore/Lib/can/lib/secondary -I/Users/riccardo/Documents/Projects/eagle/hv-bms-cellboard-sw/Core/Lib/micro-libs/blinky/inc -I/Users/riccardo/Documents/Projects/eagle/hv-bms-cellboard-sw/Core/Lib/micro-libs/bms-monitor/inc -I/Users/riccardo/Documents/Projects/eagle/hv-bms-cellboard-sw/Core/Lib/micro-libs/ring-buffer/inc -I/Users/riccardo/Documents/Projects/eagle/hv-bms-cellboard-sw/Core/Lib/micro-libs/min-heap/inc -ICore/Lib/micro-libs/timer-utils -IDrivers/STM32G4xx_HAL_Driver/Inc -IDrivers/STM32G4xx_HAL_Driver/Inc/Legacy -IDrivers/CMSIS/Device/ST/STM32G4xx/Include -IDrivers/CMSIS/Include -ICore/Inc -Og -Wall -fdata-sections -ffunction-sections -g -gdwarf-2 -MMD -MP -MF"build/bms_network.d" -Wa,-a,-ad,-alms=build/bms_network.lst Core/Lib/can/lib/bms/bms_network.c -o build/bms_network.o
arm-none-eabi-gcc -c -mcpu=cortex-m4 -mthumb -mfpu=fpv4-sp-d16 -mfloat-abi=hard -DUSE_HAL_DRIVER -DSTM32G4A1xx -ICore/Inc/bms -ICore/Inc/bms/timebase -ICore/Inc/bms/errors -ICore/Inc/common -ICore/Lib/can/lib -ICore/Lib/can/lib/bms -ICore/Lib/can/lib/ivts -ICore/Lib/can/lib/simulator -ICore/Lib/can/lib/primary -ICore/Lib/can/lib/inverters -ICore/Lib/can/lib/secondary -I/Users/riccardo/Documents/Projects/eagle/hv-bms-cellboard-sw/Core/Lib/micro-libs/blinky/inc -I/Users/riccardo/Documents/Projects/eagle/hv-bms-cellboard-sw/Core/Lib/micro-libs/bms-monitor/inc -I/Users/riccardo/Documents/Projects/eagle/hv-bms-cellboard-sw/Core/Lib/micro-libs/ring-buffer/inc -I/Users/riccardo/Documents/Projects/eagle/hv-bms-cellboard-sw/Core/Lib/micro-libs/min-heap/inc -ICore/Lib/micro-libs/timer-utils -IDrivers/STM32G4xx_HAL_Driver/Inc -IDrivers/STM32G4xx_HAL_Driver/Inc/Legacy -IDrivers/CMSIS/Device/ST/STM32G4xx/Include -IDrivers/CMSIS/Include -ICore/Inc -Og -Wall -fdata-sections -ffunction-sections -g -gdwarf-2 -MMD -MP -MF"build/bms_utils.d" -Wa,-a,-ad,-alms=build/bms_utils.lst Core/Lib/can/lib/bms/bms_utils.c -o build/bms_utils.o
arm-none-eabi-gcc -c -mcpu=cortex-m4 -mthumb -mfpu=fpv4-sp-d16 -mfloat-abi=hard -DUSE_HAL_DRIVER -DSTM32G4A1xx -ICore/Inc/bms -ICore/Inc/bms/timebase -ICore/Inc/bms/errors -ICore/Inc/common -ICore/Lib/can/lib -ICore/Lib/can/lib/bms -ICore/Lib/can/lib/ivts -ICore/Lib/can/lib/simulator -ICore/Lib/can/lib/primary -ICore/Lib/can/lib/inverters -ICore/Lib/can/lib/secondary -I/Users/riccardo/Documents/Projects/eagle/hv-bms-cellboard-sw/Core/Lib/micro-libs/blinky/inc -I/Users/riccardo/Documents/Projects/eagle/hv-bms-cellboard-sw/Core/Lib/micro-libs/bms-monitor/inc -I/Users/riccardo/Documents/Projects/eagle/hv-bms-cellboard-sw/Core/Lib/micro-libs/ring-buffer/inc -I/Users/riccardo/Documents/Projects/eagle/hv-bms-cellboard-sw/Core/Lib/micro-libs/min-heap/inc -ICore/Lib/micro-libs/timer-utils -IDrivers/STM32G4xx_HAL_Driver/Inc -IDrivers/STM32G4xx_HAL_Driver/Inc/Legacy -IDrivers/CMSIS/Device/ST/STM32G4xx/Include -IDrivers/CMSIS/Include -ICore/Inc -Og -Wall -fdata-sections -ffunction-sections -g -gdwarf-2 -MMD -MP -MF"build/blinky.d" -Wa,-a,-ad,-alms=build/blinky.lst /Users/riccardo/Documents/Projects/eagle/hv-bms-cellboard-sw/Core/Lib/micro-libs/blinky/src/blinky.c -o build/blinky.o
arm-none-eabi-gcc -c -mcpu=cortex-m4 -mthumb -mfpu=fpv4-sp-d16 -mfloat-abi=hard -DUSE_HAL_DRIVER -DSTM32G4A1xx -ICore/Inc/bms -ICore/Inc/bms/timebase -ICore/Inc/bms/errors -ICore/Inc/common -ICore/Lib/can/lib -ICore/Lib/can/lib/bms -ICore/Lib/can/lib/ivts -ICore/Lib/can/lib/simulator -ICore/Lib/can/lib/primary -ICore/Lib/can/lib/inverters -ICore/Lib/can/lib/secondary -I/Users/riccardo/Documents/Projects/eagle/hv-bms-cellboard-sw/Core/Lib/micro-libs/blinky/inc -I/Users/riccardo/Documents/Projects/eagle/hv-bms-cellboard-sw/Core/Lib/micro-libs/bms-monitor/inc -I/Users/riccardo/Documents/Projects/eagle/hv-bms-cellboard-sw/Core/Lib/micro-libs/ring-buffer/inc -I/Users/riccardo/Documents/Projects/eagle/hv-bms-cellboard-sw/Core/Lib/micro-libs/min-heap/inc -ICore/Lib/micro-libs/timer-utils -IDrivers/STM32G4xx_HAL_Driver/Inc -IDrivers/STM32G4xx_HAL_Driver/Inc/Legacy -IDrivers/CMSIS/Device/ST/STM32G4xx/Include -IDrivers/CMSIS/Include -ICore/Inc -Og -Wall -fdata-sections -ffunction-sections -g -gdwarf-2 -MMD -MP -MF"build/ltc6811.d" -Wa,-a,-ad,-alms=build/ltc6811.lst /Users/riccardo/Documents/Projects/eagle/hv-bms-cellboard-sw/Core/Lib/micro-libs/bms-monitor/src/ltc6811.c -o build/ltc6811.o
arm-none-eabi-gcc -c -mcpu=cortex-m4 -mthumb -mfpu=fpv4-sp-d16 -mfloat-abi=hard -DUSE_HAL_DRIVER -DSTM32G4A1xx -ICore/Inc/bms -ICore/Inc/bms/timebase -ICore/Inc/bms/errors -ICore/Inc/common -ICore/Lib/can/lib -ICore/Lib/can/lib/bms -ICore/Lib/can/lib/ivts -ICore/Lib/can/lib/simulator -ICore/Lib/can/lib/primary -ICore/Lib/can/lib/inverters -ICore/Lib/can/lib/secondary -I/Users/riccardo/Documents/Projects/eagle/hv-bms-cellboard-sw/Core/Lib/micro-libs/blinky/inc -I/Users/riccardo/Documents/Projects/eagle/hv-bms-cellboard-sw/Core/Lib/micro-libs/bms-monitor/inc -I/Users/riccardo/Documents/Projects/eagle/hv-bms-cellboard-sw/Core/Lib/micro-libs/ring-buffer/inc -I/Users/riccardo/Documents/Projects/eagle/hv-bms-cellboard-sw/Core/Lib/micro-libs/min-heap/inc -ICore/Lib/micro-libs/timer-utils -IDrivers/STM32G4xx_HAL_Driver/Inc -IDrivers/STM32G4xx_HAL_Driver/Inc/Legacy -IDrivers/CMSIS/Device/ST/STM32G4xx/Include -IDrivers/CMSIS/Include -ICore/Inc -Og -Wall -fdata-sections -ffunction-sections -g -gdwarf-2 -MMD -MP -MF"build/bms-monitor.d" -Wa,-a,-ad,-alms=build/bms-monitor.lst /Users/riccardo/Documents/Projects/eagle/hv-bms-cellboard-sw/Core/Lib/micro-libs/bms-monitor/src/bms-monitor.c -o build/bms-monitor.o
arm-none-eabi-gcc -c -mcpu=cortex-m4 -mthumb -mfpu=fpv4-sp-d16 -mfloat-abi=hard -DUSE_HAL_DRIVER -DSTM32G4A1xx -ICore/Inc/bms -ICore/Inc/bms/timebase -ICore/Inc/bms/errors -ICore/Inc/common -ICore/Lib/can/lib -ICore/Lib/can/lib/bms -ICore/Lib/can/lib/ivts -ICore/Lib/can/lib/simulator -ICore/Lib/can/lib/primary -ICore/Lib/can/lib/inverters -ICore/Lib/can/lib/secondary -I/Users/riccardo/Documents/Projects/eagle/hv-bms-cellboard-sw/Core/Lib/micro-libs/blinky/inc -I/Users/riccardo/Documents/Projects/eagle/hv-bms-cellboard-sw/Core/Lib/micro-libs/bms-monitor/inc -I/Users/riccardo/Documents/Projects/eagle/hv-bms-cellboard-sw/Core/Lib/micro-libs/ring-buffer/inc -I/Users/riccardo/Documents/Projects/eagle/hv-bms-cellboard-sw/Core/Lib/micro-libs/min-heap/inc -ICore/Lib/micro-libs/timer-utils -IDrivers/STM32G4xx_HAL_Driver/Inc -IDrivers/STM32G4xx_HAL_Driver/Inc/Legacy -IDrivers/CMSIS/Device/ST/STM32G4xx/Include -IDrivers/CMSIS/Include -ICore/Inc -Og -Wall -fdata-sections -ffunction-sections -g -gdwarf-2 -MMD -MP -MF"build/ring-buffer.d" -Wa,-a,-ad,-alms=build/ring-buffer.lst /Users/riccardo/Documents/Projects/eagle/hv-bms-cellboard-sw/Core/Lib/micro-libs/ring-buffer/src/ring-buffer.c -o build/ring-buffer.o
arm-none-eabi-gcc -c -mcpu=cortex-m4 -mthumb -mfpu=fpv4-sp-d16 -mfloat-abi=hard -DUSE_HAL_DRIVER -DSTM32G4A1xx -ICore/Inc/bms -ICore/Inc/bms/timebase -ICore/Inc/bms/errors -ICore/Inc/common -ICore/Lib/can/lib -ICore/Lib/can/lib/bms -ICore/Lib/can/lib/ivts -ICore/Lib/can/lib/simulator -ICore/Lib/can/lib/primary -ICore/Lib/can/lib/inverters -ICore/Lib/can/lib/secondary -I/Users/riccardo/Documents/Projects/eagle/hv-bms-cellboard-sw/Core/Lib/micro-libs/blinky/inc -I/Users/riccardo/Documents/Projects/eagle/hv-bms-cellboard-sw/Core/Lib/micro-libs/bms-monitor/inc -I/Users/riccardo/Documents/Projects/eagle/hv-bms-cellboard-sw/Core/Lib/micro-libs/ring-buffer/inc -I/Users/riccardo/Documents/Projects/eagle/hv-bms-cellboard-sw/Core/Lib/micro-libs/min-heap/inc -ICore/Lib/micro-libs/timer-utils -IDrivers/STM32G4xx_HAL_Driver/Inc -IDrivers/STM32G4xx_HAL_Driver/Inc/Legacy -IDrivers/CMSIS/Device/ST/STM32G4xx/Include -IDrivers/CMSIS/Include -ICore/Inc -Og -Wall -fdata-sections -ffunction-sections -g -gdwarf-2 -MMD -MP -MF"build/min-heap.d" -Wa,-a,-ad,-alms=build/min-heap.lst /Users/riccardo/Documents/Projects/eagle/hv-bms-cellboard-sw/Core/Lib/micro-libs/min-heap/src/min-heap.c -o build/min-heap.o
arm-none-eabi-gcc -c -mcpu=cortex-m4 -mthumb -mfpu=fpv4-sp-d16 -mfloat-abi=hard -DUSE_HAL_DRIVER -DSTM32G4A1xx -ICore/Inc/bms -ICore/Inc/bms/timebase -ICore/Inc/bms/errors -ICore/Inc/common -ICore/Lib/can/lib -ICore/Lib/can/lib/bms -ICore/Lib/can/lib/ivts -ICore/Lib/can/lib/simulator -ICore/Lib/can/lib/primary -ICore/Lib/can/lib/inverters -ICore/Lib/can/lib/secondary -I/Users/riccardo/Documents/Projects/eagle/hv-bms-cellboard-sw/Core/Lib/micro-libs/blinky/inc -I/Users/riccardo/Documents/Projects/eagle/hv-bms-cellboard-sw/Core/Lib/micro-libs/bms-monitor/inc -I/Users/riccardo/Documents/Projects/eagle/hv-bms-cellboard-sw/Core/Lib/micro-libs/ring-buffer/inc -I/Users/riccardo/Documents/Projects/eagle/hv-bms-cellboard-sw/Core/Lib/micro-libs/min-heap/inc -ICore/Lib/micro-libs/timer-utils -IDrivers/STM32G4xx_HAL_Driver/Inc -IDrivers/STM32G4xx_HAL_Driver/Inc/Legacy -IDrivers/CMSIS/Device/ST/STM32G4xx/Include -IDrivers/CMSIS/Include -ICore/Inc -Og -Wall -fdata-sections -ffunction-sections -g -gdwarf-2 -MMD -MP -MF"build/timer_utils.d" -Wa,-a,-ad,-alms=build/timer_utils.lst Core/Lib/micro-libs/timer-utils/timer_utils.c -o build/timer_utils.o
arm-none-eabi-gcc -c -mcpu=cortex-m4 -mthumb -mfpu=fpv4-sp-d16 -mfloat-abi=hard -DUSE_HAL_DRIVER -DSTM32G4A1xx -ICore/Inc/bms -ICore/Inc/bms/timebase -ICore/Inc/bms/errors -ICore/Inc/common -ICore/Lib/can/lib -ICore/Lib/can/lib/bms -ICore/Lib/can/lib/ivts -ICore/Lib/can/lib/simulator -ICore/Lib/can/lib/primary -ICore/Lib/can/lib/inverters -ICore/Lib/can/lib/secondary -I/Users/riccardo/Documents/Projects/eagle/hv-bms-cellboard-sw/Core/Lib/micro-libs/blinky/inc -I/Users/riccardo/Documents/Projects/eagle/hv-bms-cellboard-sw/Core/Lib/micro-libs/bms-monitor/inc -I/Users/riccardo/Documents/Projects/eagle/hv-bms-cellboard-sw/Core/Lib/micro-libs/ring-buffer/inc -I/Users/riccardo/Documents/Projects/eagle/hv-bms-cellboard-sw/Core/Lib/micro-libs/min-heap/inc -ICore/Lib/micro-libs/timer-utils -IDrivers/STM32G4xx_HAL_Driver/Inc -IDrivers/STM32G4xx_HAL_Driver/Inc/Legacy -IDrivers/CMSIS/Device/ST/STM32G4xx/Include -IDrivers/CMSIS/Include -ICore/Inc -Og -Wall -fdata-sections -ffunction-sections -g -gdwarf-2 -MMD -MP -MF"build/stm32g4xx_hal_tim.d" -Wa,-a,-ad,-alms=build/stm32g4xx_hal_tim.lst Drivers/STM32G4xx_HAL_Driver/Src/stm32g4xx_hal_tim.c -o build/stm32g4xx_hal_tim.o
arm-none-eabi-gcc -c -mcpu=cortex-m4 -mthumb -mfpu=fpv4-sp-d16 -mfloat-abi=hard -DUSE_HAL_DRIVER -DSTM32G4A1xx -ICore/Inc/bms -ICore/Inc/bms/timebase -ICore/Inc/bms/errors -ICore/Inc/common -ICore/Lib/can/lib -ICore/Lib/can/lib/bms -ICore/Lib/can/lib/ivts -ICore/Lib/can/lib/simulator -ICore/Lib/can/lib/primary -ICore/Lib/can/lib/inverters -ICore/Lib/can/lib/secondary -I/Users/riccardo/Documents/Projects/eagle/hv-bms-cellboard-sw/Core/Lib/micro-libs/blinky/inc -I/Users/riccardo/Documents/Projects/eagle/hv-bms-cellboard-sw/Core/Lib/micro-libs/bms-monitor/inc -I/Users/riccardo/Documents/Projects/eagle/hv-bms-cellboard-sw/Core/Lib/micro-libs/ring-buffer/inc -I/Users/riccardo/Documents/Projects/eagle/hv-bms-cellboard-sw/Core/Lib/micro-libs/min-heap/inc -ICore/Lib/micro-libs/timer-utils -IDrivers/STM32G4xx_HAL_Driver/Inc -IDrivers/STM32G4xx_HAL_Driver/Inc/Legacy -IDrivers/CMSIS/Device/ST/STM32G4xx/Include -IDrivers/CMSIS/Include -ICore/Inc -Og -Wall -fdata-sections -ffunction-sections -g -gdwarf-2 -MMD -MP -MF"build/stm32g4xx_hal_tim_ex.d" -Wa,-a,-ad,-alms=build/stm32g4xx_hal_tim_ex.lst Drivers/STM32G4xx_HAL_Driver/Src/stm32g4xx_hal_tim_ex.c -o build/stm32g4xx_hal_tim_ex.o
arm-none-eabi-gcc -c -mcpu=cortex-m4 -mthumb -mfpu=fpv4-sp-d16 -mfloat-abi=hard -DUSE_HAL_DRIVER -DSTM32G4A1xx -ICore/Inc/bms -ICore/Inc/bms/timebase -ICore/Inc/bms/errors -ICore/Inc/common -ICore/Lib/can/lib -ICore/Lib/can/lib/bms -ICore/Lib/can/lib/ivts -ICore/Lib/can/lib/simulator -ICore/Lib/can/lib/primary -ICore/Lib/can/lib/inverters -ICore/Lib/can/lib/secondary -I/Users/riccardo/Documents/Projects/eagle/hv-bms-cellboard-sw/Core/Lib/micro-libs/blinky/inc -I/Users/riccardo/Documents/Projects/eagle/hv-bms-cellboard-sw/Core/Lib/micro-libs/bms-monitor/inc -I/Users/riccardo/Documents/Projects/eagle/hv-bms-cellboard-sw/Core/Lib/micro-libs/ring-buffer/inc -I/Users/riccardo/Documents/Projects/eagle/hv-bms-cellboard-sw/Core/Lib/micro-libs/min-heap/inc -ICore/Lib/micro-libs/timer-utils -IDrivers/STM32G4xx_HAL_Driver/Inc -IDrivers/STM32G4xx_HAL_Driver/Inc/Legacy -IDrivers/CMSIS/Device/ST/STM32G4xx/Include -IDrivers/CMSIS/Include -ICore/Inc -Og -Wall -fdata-sections -ffunction-sections -g -gdwarf-2 -MMD -MP -MF"build/stm32g4xx_hal_pwr_ex.d" -Wa,-a,-ad,-alms=build/stm32g4xx_hal_pwr_ex.lst Drivers/STM32G4xx_HAL_Driver/Src/stm32g4xx_hal_pwr_ex.c -o build/stm32g4xx_hal_pwr_ex.o
arm-none-eabi-gcc -c -mcpu=cortex-m4 -mthumb -mfpu=fpv4-sp-d16 -mfloat-abi=hard -DUSE_HAL_DRIVER -DSTM32G4A1xx -ICore/Inc/bms -ICore/Inc/bms/timebase -ICore/Inc/bms/errors -ICore/Inc/common -ICore/Lib/can/lib -ICore/Lib/can/lib/bms -ICore/Lib/can/lib/ivts -ICore/Lib/can/lib/simulator -ICore/Lib/can/lib/primary -ICore/Lib/can/lib/inverters -ICore/Lib/can/lib/secondary -I/Users/riccardo/Documents/Projects/eagle/hv-bms-cellboard-sw/Core/Lib/micro-libs/blinky/inc -I/Users/riccardo/Documents/Projects/eagle/hv-bms-cellboard-sw/Core/Lib/micro-libs/bms-monitor/inc -I/Users/riccardo/Documents/Projects/eagle/hv-bms-cellboard-sw/Core/Lib/micro-libs/ring-buffer/inc -I/Users/riccardo/Documents/Projects/eagle/hv-bms-cellboard-sw/Core/Lib/micro-libs/min-heap/inc -ICore/Lib/micro-libs/timer-utils -IDrivers/STM32G4xx_HAL_Driver/Inc -IDrivers/STM32G4xx_HAL_Driver/Inc/Legacy -IDrivers/CMSIS/Device/ST/STM32G4xx/Include -IDrivers/CMSIS/Include -ICore/Inc -Og -Wall -fdata-sections -ffunction-sections -g -gdwarf-2 -MMD -MP -MF"build/stm32g4xx_hal.d" -Wa,-a,-ad,-alms=build/stm32g4xx_hal.lst Drivers/STM32G4xx_HAL_Driver/Src/stm32g4xx_hal.c -o build/stm32g4xx_hal.o
arm-none-eabi-gcc -c -mcpu=cortex-m4 -mthumb -mfpu=fpv4-sp-d16 -mfloat-abi=hard -DUSE_HAL_DRIVER -DSTM32G4A1xx -ICore/Inc/bms -ICore/Inc/bms/timebase -ICore/Inc/bms/errors -ICore/Inc/common -ICore/Lib/can/lib -ICore/Lib/can/lib/bms -ICore/Lib/can/lib/ivts -ICore/Lib/can/lib/simulator -ICore/Lib/can/lib/primary -ICore/Lib/can/lib/inverters -ICore/Lib/can/lib/secondary -I/Users/riccardo/Documents/Projects/eagle/hv-bms-cellboard-sw/Core/Lib/micro-libs/blinky/inc -I/Users/riccardo/Documents/Projects/eagle/hv-bms-cellboard-sw/Core/Lib/micro-libs/bms-monitor/inc -I/Users/riccardo/Documents/Projects/eagle/hv-bms-cellboard-sw/Core/Lib/micro-libs/ring-buffer/inc -I/Users/riccardo/Documents/Projects/eagle/hv-bms-cellboard-sw/Core/Lib/micro-libs/min-heap/inc -ICore/Lib/micro-libs/timer-utils -IDrivers/STM32G4xx_HAL_Driver/Inc -IDrivers/STM32G4xx_HAL_Driver/Inc/Legacy -IDrivers/CMSIS/Device/ST/STM32G4xx/Include -IDrivers/CMSIS/Include -ICore/Inc -Og -Wall -fdata-sections -ffunction-sections -g -gdwarf-2 -MMD -MP -MF"build/stm32g4xx_hal_rcc.d" -Wa,-a,-ad,-alms=build/stm32g4xx_hal_rcc.lst Drivers/STM32G4xx_HAL_Driver/Src/stm32g4xx_hal_rcc.c -o build/stm32g4xx_hal_rcc.o
arm-none-eabi-gcc -c -mcpu=cortex-m4 -mthumb -mfpu=fpv4-sp-d16 -mfloat-abi=hard -DUSE_HAL_DRIVER -DSTM32G4A1xx -ICore/Inc/bms -ICore/Inc/bms/timebase -ICore/Inc/bms/errors -ICore/Inc/common -ICore/Lib/can/lib -ICore/Lib/can/lib/bms -ICore/Lib/can/lib/ivts -ICore/Lib/can/lib/simulator -ICore/Lib/can/lib/primary -ICore/Lib/can/lib/inverters -ICore/Lib/can/lib/secondary -I/Users/riccardo/Documents/Projects/eagle/hv-bms-cellboard-sw/Core/Lib/micro-libs/blinky/inc -I/Users/riccardo/Documents/Projects/eagle/hv-bms-cellboard-sw/Core/Lib/micro-libs/bms-monitor/inc -I/Users/riccardo/Documents/Projects/eagle/hv-bms-cellboard-sw/Core/Lib/micro-libs/ring-buffer/inc -I/Users/riccardo/Documents/Projects/eagle/hv-bms-cellboard-sw/Core/Lib/micro-libs/min-heap/inc -ICore/Lib/micro-libs/timer-utils -IDrivers/STM32G4xx_HAL_Driver/Inc -IDrivers/STM32G4xx_HAL_Driver/Inc/Legacy -IDrivers/CMSIS/Device/ST/STM32G4xx/Include -IDrivers/CMSIS/Include -ICore/Inc -Og -Wall -fdata-sections -ffunction-sections -g -gdwarf-2 -MMD -MP -MF"build/stm32g4xx_hal_rcc_ex.d" -Wa,-a,-ad,-alms=build/stm32g4xx_hal_rcc_ex.lst Drivers/STM32G4xx_HAL_Driver/Src/stm32g4xx_hal_rcc_ex.c -o build/stm32g4xx_hal_rcc_ex.o
arm-none-eabi-gcc -c -mcpu=cortex-m4 -mthumb -mfpu=fpv4-sp-d16 -mfloat-abi=hard -DUSE_HAL_DRIVER -DSTM32G4A1xx -ICore/Inc/bms -ICore/Inc/bms/timebase -ICore/Inc/bms/errors -ICore/Inc/common -ICore/Lib/can/lib -ICore/Lib/can/lib/bms -ICore/Lib/can/lib/ivts -ICore/Lib/can/lib/simulator -ICore/Lib/can/lib/primary -ICore/Lib/can/lib/inverters -ICore/Lib/can/lib/secondary -I/Users/riccardo/Documents/Projects/eagle/hv-bms-cellboard-sw/Core/Lib/micro-libs/blinky/inc -I/Users/riccardo/Documents/Projects/eagle/hv-bms-cellboard-sw/Core/Lib/micro-libs/bms-monitor/inc -I/Users/riccardo/Documents/Projects/eagle/hv-bms-cellboard-sw/Core/Lib/micro-libs/ring-buffer/inc -I/Users/riccardo/Documents/Projects/eagle/hv-bms-cellboard-sw/Core/Lib/micro-libs/min-heap/inc -ICore/Lib/micro-libs/timer-utils -IDrivers/STM32G4xx_HAL_Driver/Inc -IDrivers/STM32G4xx_HAL_Driver/Inc/Legacy -IDrivers/CMSIS/Device/ST/STM32G4xx/Include -IDrivers/CMSIS/Include -ICore/Inc -Og -Wall -fdata-sections -ffunction-sections -g -gdwarf-2 -MMD -MP -MF"build/stm32g4xx_hal_flash.d" -Wa,-a,-ad,-alms=build/stm32g4xx_hal_flash.lst Drivers/STM32G4xx_HAL_Driver/Src/stm32g4xx_hal_flash.c -o build/stm32g4xx_hal_flash.o
arm-none-eabi-gcc -c -mcpu=cortex-m4 -mthumb -mfpu=fpv4-sp-d16 -mfloat-abi=hard -DUSE_HAL_DRIVER -DSTM32G4A1xx -ICore/Inc/bms -ICore/Inc/bms/timebase -ICore/Inc/bms/errors -ICore/Inc/common -ICore/Lib/can/lib -ICore/Lib/can/lib/bms -ICore/Lib/can/lib/ivts -ICore/Lib/can/lib/simulator -ICore/Lib/can/lib/primary -ICore/Lib/can/lib/inverters -ICore/Lib/can/lib/secondary -I/Users/riccardo/Documents/Projects/eagle/hv-bms-cellboard-sw/Core/Lib/micro-libs/blinky/inc -I/Users/riccardo/Documents/Projects/eagle/hv-bms-cellboard-sw/Core/Lib/micro-libs/bms-monitor/inc -I/Users/riccardo/Documents/Projects/eagle/hv-bms-cellboard-sw/Core/Lib/micro-libs/ring-buffer/inc -I/Users/riccardo/Documents/Projects/eagle/hv-bms-cellboard-sw/Core/Lib/micro-libs/min-heap/inc -ICore/Lib/micro-libs/timer-utils -IDrivers/STM32G4xx_HAL_Driver/Inc -IDrivers/STM32G4xx_HAL_Driver/Inc/Legacy -IDrivers/CMSIS/Device/ST/STM32G4xx/Include -IDrivers/CMSIS/Include -ICore/Inc -Og -Wall -fdata-sections -ffunction-sections -g -gdwarf-2 -MMD -MP -MF"build/stm32g4xx_hal_flash_ex.d" -Wa,-a,-ad,-alms=build/stm32g4xx_hal_flash_ex.lst Drivers/STM32G4xx_HAL_Driver/Src/stm32g4xx_hal_flash_ex.c -o build/stm32g4xx_hal_flash_ex.o
arm-none-eabi-gcc -c -mcpu=cortex-m4 -mthumb -mfpu=fpv4-sp-d16 -mfloat-abi=hard -DUSE_HAL_DRIVER -DSTM32G4A1xx -ICore/Inc/bms -ICore/Inc/bms/timebase -ICore/Inc/bms/errors -ICore/Inc/common -ICore/Lib/can/lib -ICore/Lib/can/lib/bms -ICore/Lib/can/lib/ivts -ICore/Lib/can/lib/simulator -ICore/Lib/can/lib/primary -ICore/Lib/can/lib/inverters -ICore/Lib/can/lib/secondary -I/Users/riccardo/Documents/Projects/eagle/hv-bms-cellboard-sw/Core/Lib/micro-libs/blinky/inc -I/Users/riccardo/Documents/Projects/eagle/hv-bms-cellboard-sw/Core/Lib/micro-libs/bms-monitor/inc -I/Users/riccardo/Documents/Projects/eagle/hv-bms-cellboard-sw/Core/Lib/micro-libs/ring-buffer/inc -I/Users/riccardo/Documents/Projects/eagle/hv-bms-cellboard-sw/Core/Lib/micro-libs/min-heap/inc -ICore/Lib/micro-libs/timer-utils -IDrivers/STM32G4xx_HAL_Driver/Inc -IDrivers/STM32G4xx_HAL_Driver/Inc/Legacy -IDrivers/CMSIS/Device/ST/STM32G4xx/Include -IDrivers/CMSIS/Include -ICore/Inc -Og -Wall -fdata-sections -ffunction-sections -g -gdwarf-2 -MMD -MP -MF"build/stm32g4xx_hal_flash_ramfunc.d" -Wa,-a,-ad,-alms=build/stm32g4xx_hal_flash_ramfunc.lst Drivers/STM32G4xx_HAL_Driver/Src/stm32g4xx_hal_flash_ramfunc.c -o build/stm32g4xx_hal_flash_ramfunc.o
arm-none-eabi-gcc -c -mcpu=cortex-m4 -mthumb -mfpu=fpv4-sp-d16 -mfloat-abi=hard -DUSE_HAL_DRIVER -DSTM32G4A1xx -ICore/Inc/bms -ICore/Inc/bms/timebase -ICore/Inc/bms/errors -ICore/Inc/common -ICore/Lib/can/lib -ICore/Lib/can/lib/bms -ICore/Lib/can/lib/ivts -ICore/Lib/can/lib/simulator -ICore/Lib/can/lib/primary -ICore/Lib/can/lib/inverters -ICore/Lib/can/lib/secondary -I/Users/riccardo/Documents/Projects/eagle/hv-bms-cellboard-sw/Core/Lib/micro-libs/blinky/inc -I/Users/riccardo/Documents/Projects/eagle/hv-bms-cellboard-sw/Core/Lib/micro-libs/bms-monitor/inc -I/Users/riccardo/Documents/Projects/eagle/hv-bms-cellboard-sw/Core/Lib/micro-libs/ring-buffer/inc -I/Users/riccardo/Documents/Projects/eagle/hv-bms-cellboard-sw/Core/Lib/micro-libs/min-heap/inc -ICore/Lib/micro-libs/timer-utils -IDrivers/STM32G4xx_HAL_Driver/Inc -IDrivers/STM32G4xx_HAL_Driver/Inc/Legacy -IDrivers/CMSIS/Device/ST/STM32G4xx/Include -IDrivers/CMSIS/Include -ICore/Inc -Og -Wall -fdata-sections -ffunction-sections -g -gdwarf-2 -MMD -MP -MF"build/stm32g4xx_hal_gpio.d" -Wa,-a,-ad,-alms=build/stm32g4xx_hal_gpio.lst Drivers/STM32G4xx_HAL_Driver/Src/stm32g4xx_hal_gpio.c -o build/stm32g4xx_hal_gpio.o
arm-none-eabi-gcc -c -mcpu=cortex-m4 -mthumb -mfpu=fpv4-sp-d16 -mfloat-abi=hard -DUSE_HAL_DRIVER -DSTM32G4A1xx -ICore/Inc/bms -ICore/Inc/bms/timebase -ICore/Inc/bms/errors -ICore/Inc/common -ICore/Lib/can/lib -ICore/Lib/can/lib/bms -ICore/Lib/can/lib/ivts -ICore/Lib/can/lib/simulator -ICore/Lib/can/lib/primary -ICore/Lib/can/lib/inverters -ICore/Lib/can/lib/secondary -I/Users/riccardo/Documents/Projects/eagle/hv-bms-cellboard-sw/Core/Lib/micro-libs/blinky/inc -I/Users/riccardo/Documents/Projects/eagle/hv-bms-cellboard-sw/Core/Lib/micro-libs/bms-monitor/inc -I/Users/riccardo/Documents/Projects/eagle/hv-bms-cellboard-sw/Core/Lib/micro-libs/ring-buffer/inc -I/Users/riccardo/Documents/Projects/eagle/hv-bms-cellboard-sw/Core/Lib/micro-libs/min-heap/inc -ICore/Lib/micro-libs/timer-utils -IDrivers/STM32G4xx_HAL_Driver/Inc -IDrivers/STM32G4xx_HAL_Driver/Inc/Legacy -IDrivers/CMSIS/Device/ST/STM32G4xx/Include -IDrivers/CMSIS/Include -ICore/Inc -Og -Wall -fdata-sections -ffunction-sections -g -gdwarf-2 -MMD -MP -MF"build/stm32g4xx_hal_exti.d" -Wa,-a,-ad,-alms=build/stm32g4xx_hal_exti.lst Drivers/STM32G4xx_HAL_Driver/Src/stm32g4xx_hal_exti.c -o build/stm32g4xx_hal_exti.o
arm-none-eabi-gcc -c -mcpu=cortex-m4 -mthumb -mfpu=fpv4-sp-d16 -mfloat-abi=hard -DUSE_HAL_DRIVER -DSTM32G4A1xx -ICore/Inc/bms -ICore/Inc/bms/timebase -ICore/Inc/bms/errors -ICore/Inc/common -ICore/Lib/can/lib -ICore/Lib/can/lib/bms -ICore/Lib/can/lib/ivts -ICore/Lib/can/lib/simulator -ICore/Lib/can/lib/primary -ICore/Lib/can/lib/inverters -ICore/Lib/can/lib/secondary -I/Users/riccardo/Documents/Projects/eagle/hv-bms-cellboard-sw/Core/Lib/micro-libs/blinky/inc -I/Users/riccardo/Documents/Projects/eagle/hv-bms-cellboard-sw/Core/Lib/micro-libs/bms-monitor/inc -I/Users/riccardo/Documents/Projects/eagle/hv-bms-cellboard-sw/Core/Lib/micro-libs/ring-buffer/inc -I/Users/riccardo/Documents/Projects/eagle/hv-bms-cellboard-sw/Core/Lib/micro-libs/min-heap/inc -ICore/Lib/micro-libs/timer-utils -IDrivers/STM32G4xx_HAL_Driver/Inc -IDrivers/STM32G4xx_HAL_Driver/Inc/Legacy -IDrivers/CMSIS/Device/ST/STM32G4xx/Include -IDrivers/CMSIS/Include -ICore/Inc -Og -Wall -fdata-sections -ffunction-sections -g -gdwarf-2 -MMD -MP -MF"build/stm32g4xx_hal_dma.d" -Wa,-a,-ad,-alms=build/stm32g4xx_hal_dma.lst Drivers/STM32G4xx_HAL_Driver/Src/stm32g4xx_hal_dma.c -o build/stm32g4xx_hal_dma.o
arm-none-eabi-gcc -c -mcpu=cortex-m4 -mthumb -mfpu=fpv4-sp-d16 -mfloat-abi=hard -DUSE_HAL_DRIVER -DSTM32G4A1xx -ICore/Inc/bms -ICore/Inc/bms/timebase -ICore/Inc/bms/errors -ICore/Inc/common -ICore/Lib/can/lib -ICore/Lib/can/lib/bms -ICore/Lib/can/lib/ivts -ICore/Lib/can/lib/simulator -ICore/Lib/can/lib/primary -ICore/Lib/can/lib/inverters -ICore/Lib/can/lib/secondary -I/Users/riccardo/Documents/Projects/eagle/hv-bms-cellboard-sw/Core/Lib/micro-libs/blinky/inc -I/Users/riccardo/Documents/Projects/eagle/hv-bms-cellboard-sw/Core/Lib/micro-libs/bms-monitor/inc -I/Users/riccardo/Documents/Projects/eagle/hv-bms-cellboard-sw/Core/Lib/micro-libs/ring-buffer/inc -I/Users/riccardo/Documents/Projects/eagle/hv-bms-cellboard-sw/Core/Lib/micro-libs/min-heap/inc -ICore/Lib/micro-libs/timer-utils -IDrivers/STM32G4xx_HAL_Driver/Inc -IDrivers/STM32G4xx_HAL_Driver/Inc/Legacy -IDrivers/CMSIS/Device/ST/STM32G4xx/Include -IDrivers/CMSIS/Include -ICore/Inc -Og -Wall -fdata-sections -ffunction-sections -g -gdwarf-2 -MMD -MP -MF"build/stm32g4xx_hal_dma_ex.d" -Wa,-a,-ad,-alms=build/stm32g4xx_hal_dma_ex.lst Drivers/STM32G4xx_HAL_Driver/Src/stm32g4xx_hal_dma_ex.c -o build/stm32g4xx_hal_dma_ex.o
arm-none-eabi-gcc -c -mcpu=cortex-m4 -mthumb -mfpu=fpv4-sp-d16 -mfloat-abi=hard -DUSE_HAL_DRIVER -DSTM32G4A1xx -ICore/Inc/bms -ICore/Inc/bms/timebase -ICore/Inc/bms/errors -ICore/Inc/common -ICore/Lib/can/lib -ICore/Lib/can/lib/bms -ICore/Lib/can/lib/ivts -ICore/Lib/can/lib/simulator -ICore/Lib/can/lib/primary -ICore/Lib/can/lib/inverters -ICore/Lib/can/lib/secondary -I/Users/riccardo/Documents/Projects/eagle/hv-bms-cellboard-sw/Core/Lib/micro-libs/blinky/inc -I/Users/riccardo/Documents/Projects/eagle/hv-bms-cellboard-sw/Core/Lib/micro-libs/bms-monitor/inc -I/Users/riccardo/Documents/Projects/eagle/hv-bms-cellboard-sw/Core/Lib/micro-libs/ring-buffer/inc -I/Users/riccardo/Documents/Projects/eagle/hv-bms-cellboard-sw/Core/Lib/micro-libs/min-heap/inc -ICore/Lib/micro-libs/timer-utils -IDrivers/STM32G4xx_HAL_Driver/Inc -IDrivers/STM32G4xx_HAL_Driver/Inc/Legacy -IDrivers/CMSIS/Device/ST/STM32G4xx/Include -IDrivers/CMSIS/Include -ICore/Inc -Og -Wall -fdata-sections -ffunction-sections -g -gdwarf-2 -MMD -MP -MF"build/stm32g4xx_hal_pwr.d" -Wa,-a,-ad,-alms=build/stm32g4xx_hal_pwr.lst Drivers/STM32G4xx_HAL_Driver/Src/stm32g4xx_hal_pwr.c -o build/stm32g4xx_hal_pwr.o
arm-none-eabi-gcc -c -mcpu=cortex-m4 -mthumb -mfpu=fpv4-sp-d16 -mfloat-abi=hard -DUSE_HAL_DRIVER -DSTM32G4A1xx -ICore/Inc/bms -ICore/Inc/bms/timebase -ICore/Inc/bms/errors -ICore/Inc/common -ICore/Lib/can/lib -ICore/Lib/can/lib/bms -ICore/Lib/can/lib/ivts -ICore/Lib/can/lib/simulator -ICore/Lib/can/lib/primary -ICore/Lib/can/lib/inverters -ICore/Lib/can/lib/secondary -I/Users/riccardo/Documents/Projects/eagle/hv-bms-cellboard-sw/Core/Lib/micro-libs/blinky/inc -I/Users/riccardo/Documents/Projects/eagle/hv-bms-cellboard-sw/Core/Lib/micro-libs/bms-monitor/inc -I/Users/riccardo/Documents/Projects/eagle/hv-bms-cellboard-sw/Core/Lib/micro-libs/ring-buffer/inc -I/Users/riccardo/Documents/Projects/eagle/hv-bms-cellboard-sw/Core/Lib/micro-libs/min-heap/inc -ICore/Lib/micro-libs/timer-utils -IDrivers/STM32G4xx_HAL_Driver/Inc -IDrivers/STM32G4xx_HAL_Driver/Inc/Legacy -IDrivers/CMSIS/Device/ST/STM32G4xx/Include -IDrivers/CMSIS/Include -ICore/Inc -Og -Wall -fdata-sections -ffunction-sections -g -gdwarf-2 -MMD -MP -MF"build/stm32g4xx_hal_cortex.d" -Wa,-a,-ad,-alms=build/stm32g4xx_hal_cortex.lst Drivers/STM32G4xx_HAL_Driver/Src/stm32g4xx_hal_cortex.c -o build/stm32g4xx_hal_cortex.o
arm-none-eabi-gcc -c -mcpu=cortex-m4 -mthumb -mfpu=fpv4-sp-d16 -mfloat-abi=hard -DUSE_HAL_DRIVER -DSTM32G4A1xx -ICore/Inc/bms -ICore/Inc/bms/timebase -ICore/Inc/bms/errors -ICore/Inc/common -ICore/Lib/can/lib -ICore/Lib/can/lib/bms -ICore/Lib/can/lib/ivts -ICore/Lib/can/lib/simulator -ICore/Lib/can/lib/primary -ICore/Lib/can/lib/inverters -ICore/Lib/can/lib/secondary -I/Users/riccardo/Documents/Projects/eagle/hv-bms-cellboard-sw/Core/Lib/micro-libs/blinky/inc -I/Users/riccardo/Documents/Projects/eagle/hv-bms-cellboard-sw/Core/Lib/micro-libs/bms-monitor/inc -I/Users/riccardo/Documents/Projects/eagle/hv-bms-cellboard-sw/Core/Lib/micro-libs/ring-buffer/inc -I/Users/riccardo/Documents/Projects/eagle/hv-bms-cellboard-sw/Core/Lib/micro-libs/min-heap/inc -ICore/Lib/micro-libs/timer-utils -IDrivers/STM32G4xx_HAL_Driver/Inc -IDrivers/STM32G4xx_HAL_Driver/Inc/Legacy -IDrivers/CMSIS/Device/ST/STM32G4xx/Include -IDrivers/CMSIS/Include -ICore/Inc -Og -Wall -fdata-sections -ffunction-sections -g -gdwarf-2 -MMD -MP -MF"build/stm32g4xx_hal_adc.d" -Wa,-a,-ad,-alms=build/stm32g4xx_hal_adc.lst Drivers/STM32G4xx_HAL_Driver/Src/stm32g4xx_hal_adc.c -o build/stm32g4xx_hal_adc.o
arm-none-eabi-gcc -c -mcpu=cortex-m4 -mthumb -mfpu=fpv4-sp-d16 -mfloat-abi=hard -DUSE_HAL_DRIVER -DSTM32G4A1xx -ICore/Inc/bms -ICore/Inc/bms/timebase -ICore/Inc/bms/errors -ICore/Inc/common -ICore/Lib/can/lib -ICore/Lib/can/lib/bms -ICore/Lib/can/lib/ivts -ICore/Lib/can/lib/simulator -ICore/Lib/can/lib/primary -ICore/Lib/can/lib/inverters -ICore/Lib/can/lib/secondary -I/Users/riccardo/Documents/Projects/eagle/hv-bms-cellboard-sw/Core/Lib/micro-libs/blinky/inc -I/Users/riccardo/Documents/Projects/eagle/hv-bms-cellboard-sw/Core/Lib/micro-libs/bms-monitor/inc -I/Users/riccardo/Documents/Projects/eagle/hv-bms-cellboard-sw/Core/Lib/micro-libs/ring-buffer/inc -I/Users/riccardo/Documents/Projects/eagle/hv-bms-cellboard-sw/Core/Lib/micro-libs/min-heap/inc -ICore/Lib/micro-libs/timer-utils -IDrivers/STM32G4xx_HAL_Driver/Inc -IDrivers/STM32G4xx_HAL_Driver/Inc/Legacy -IDrivers/CMSIS/Device/ST/STM32G4xx/Include -IDrivers/CMSIS/Include -ICore/Inc -Og -Wall -fdata-sections -ffunction-sections -g -gdwarf-2 -MMD -MP -MF"build/stm32g4xx_hal_adc_ex.d" -Wa,-a,-ad,-alms=build/stm32g4xx_hal_adc_ex.lst Drivers/STM32G4xx_HAL_Driver/Src/stm32g4xx_hal_adc_ex.c -o build/stm32g4xx_hal_adc_ex.o
arm-none-eabi-gcc -c -mcpu=cortex-m4 -mthumb -mfpu=fpv4-sp-d16 -mfloat-abi=hard -DUSE_HAL_DRIVER -DSTM32G4A1xx -ICore/Inc/bms -ICore/Inc/bms/timebase -ICore/Inc/bms/errors -ICore/Inc/common -ICore/Lib/can/lib -ICore/Lib/can/lib/bms -ICore/Lib/can/lib/ivts -ICore/Lib/can/lib/simulator -ICore/Lib/can/lib/primary -ICore/Lib/can/lib/inverters -ICore/Lib/can/lib/secondary -I/Users/riccardo/Documents/Projects/eagle/hv-bms-cellboard-sw/Core/Lib/micro-libs/blinky/inc -I/Users/riccardo/Documents/Projects/eagle/hv-bms-cellboard-sw/Core/Lib/micro-libs/bms-monitor/inc -I/Users/riccardo/Documents/Projects/eagle/hv-bms-cellboard-sw/Core/Lib/micro-libs/ring-buffer/inc -I/Users/riccardo/Documents/Projects/eagle/hv-bms-cellboard-sw/Core/Lib/micro-libs/min-heap/inc -ICore/Lib/micro-libs/timer-utils -IDrivers/STM32G4xx_HAL_Driver/Inc -IDrivers/STM32G4xx_HAL_Driver/Inc/Legacy -IDrivers/CMSIS/Device/ST/STM32G4xx/Include -IDrivers/CMSIS/Include -ICore/Inc -Og -Wall -fdata-sections -ffunction-sections -g -gdwarf-2 -MMD -MP -MF"build/stm32g4xx_ll_adc.d" -Wa,-a,-ad,-alms=build/stm32g4xx_ll_adc.lst Drivers/STM32G4xx_HAL_Driver/Src/stm32g4xx_ll_adc.c -o build/stm32g4xx_ll_adc.o
arm-none-eabi-gcc -c -mcpu=cortex-m4 -mthumb -mfpu=fpv4-sp-d16 -mfloat-abi=hard -DUSE_HAL_DRIVER -DSTM32G4A1xx -ICore/Inc/bms -ICore/Inc/bms/timebase -ICore/Inc/bms/errors -ICore/Inc/common -ICore/Lib/can/lib -ICore/Lib/can/lib/bms -ICore/Lib/can/lib/ivts -ICore/Lib/can/lib/simulator -ICore/Lib/can/lib/primary -ICore/Lib/can/lib/inverters -ICore/Lib/can/lib/secondary -I/Users/riccardo/Documents/Projects/eagle/hv-bms-cellboard-sw/Core/Lib/micro-libs/blinky/inc -I/Users/riccardo/Documents/Projects/eagle/hv-bms-cellboard-sw/Core/Lib/micro-libs/bms-monitor/inc -I/Users/riccardo/Documents/Projects/eagle/hv-bms-cellboard-sw/Core/Lib/micro-libs/ring-buffer/inc -I/Users/riccardo/Documents/Projects/eagle/hv-bms-cellboard-sw/Core/Lib/micro-libs/min-heap/inc -ICore/Lib/micro-libs/timer-utils -IDrivers/STM32G4xx_HAL_Driver/Inc -IDrivers/STM32G4xx_HAL_Driver/Inc/Legacy -IDrivers/CMSIS/Device/ST/STM32G4xx/Include -IDrivers/CMSIS/Include -ICore/Inc -Og -Wall -fdata-sections -ffunction-sections -g -gdwarf-2 -MMD -MP -MF"build/stm32g4xx_hal_fdcan.d" -Wa,-a,-ad,-alms=build/stm32g4xx_hal_fdcan.lst Drivers/STM32G4xx_HAL_Driver/Src/stm32g4xx_hal_fdcan.c -o build/stm32g4xx_hal_fdcan.o
arm-none-eabi-gcc -c -mcpu=cortex-m4 -mthumb -mfpu=fpv4-sp-d16 -mfloat-abi=hard -DUSE_HAL_DRIVER -DSTM32G4A1xx -ICore/Inc/bms -ICore/Inc/bms/timebase -ICore/Inc/bms/errors -ICore/Inc/common -ICore/Lib/can/lib -ICore/Lib/can/lib/bms -ICore/Lib/can/lib/ivts -ICore/Lib/can/lib/simulator -ICore/Lib/can/lib/primary -ICore/Lib/can/lib/inverters -ICore/Lib/can/lib/secondary -I/Users/riccardo/Documents/Projects/eagle/hv-bms-cellboard-sw/Core/Lib/micro-libs/blinky/inc -I/Users/riccardo/Documents/Projects/eagle/hv-bms-cellboard-sw/Core/Lib/micro-libs/bms-monitor/inc -I/Users/riccardo/Documents/Projects/eagle/hv-bms-cellboard-sw/Core/Lib/micro-libs/ring-buffer/inc -I/Users/riccardo/Documents/Projects/eagle/hv-bms-cellboard-sw/Core/Lib/micro-libs/min-heap/inc -ICore/Lib/micro-libs/timer-utils -IDrivers/STM32G4xx_HAL_Driver/Inc -IDrivers/STM32G4xx_HAL_Driver/Inc/Legacy -IDrivers/CMSIS/Device/ST/STM32G4xx/Include -IDrivers/CMSIS/Include -ICore/Inc -Og -Wall -fdata-sections -ffunction-sections -g -gdwarf-2 -MMD -MP -MF"build/stm32g4xx_hal_spi.d" -Wa,-a,-ad,-alms=build/stm32g4xx_hal_spi.lst Drivers/STM32G4xx_HAL_Driver/Src/stm32g4xx_hal_spi.c -o build/stm32g4xx_hal_spi.o
arm-none-eabi-gcc -c -mcpu=cortex-m4 -mthumb -mfpu=fpv4-sp-d16 -mfloat-abi=hard -DUSE_HAL_DRIVER -DSTM32G4A1xx -ICore/Inc/bms -ICore/Inc/bms/timebase -ICore/Inc/bms/errors -ICore/Inc/common -ICore/Lib/can/lib -ICore/Lib/can/lib/bms -ICore/Lib/can/lib/ivts -ICore/Lib/can/lib/simulator -ICore/Lib/can/lib/primary -ICore/Lib/can/lib/inverters -ICore/Lib/can/lib/secondary -I/Users/riccardo/Documents/Projects/eagle/hv-bms-cellboard-sw/Core/Lib/micro-libs/blinky/inc -I/Users/riccardo/Documents/Projects/eagle/hv-bms-cellboard-sw/Core/Lib/micro-libs/bms-monitor/inc -I/Users/riccardo/Documents/Projects/eagle/hv-bms-cellboard-sw/Core/Lib/micro-libs/ring-buffer/inc -I/Users/riccardo/Documents/Projects/eagle/hv-bms-cellboard-sw/Core/Lib/micro-libs/min-heap/inc -ICore/Lib/micro-libs/timer-utils -IDrivers/STM32G4xx_HAL_Driver/Inc -IDrivers/STM32G4xx_HAL_Driver/Inc/Legacy -IDrivers/CMSIS/Device/ST/STM32G4xx/Include -IDrivers/CMSIS/Include -ICore/Inc -Og -Wall -fdata-sections -ffunction-sections -g -gdwarf-2 -MMD -MP -MF"build/stm32g4xx_hal_spi_ex.d" -Wa,-a,-ad,-alms=build/stm32g4xx_hal_spi_ex.lst Drivers/STM32G4xx_HAL_Driver/Src/stm32g4xx_hal_spi_ex.c -o build/stm32g4xx_hal_spi_ex.o
arm-none-eabi-gcc -c -mcpu=cortex-m4 -mthumb -mfpu=fpv4-sp-d16 -mfloat-abi=hard -DUSE_HAL_DRIVER -DSTM32G4A1xx -ICore/Inc/bms -ICore/Inc/bms/timebase -ICore/Inc/bms/errors -ICore/Inc/common -ICore/Lib/can/lib -ICore/Lib/can/lib/bms -ICore/Lib/can/lib/ivts -ICore/Lib/can/lib/simulator -ICore/Lib/can/lib/primary -ICore/Lib/can/lib/inverters -ICore/Lib/can/lib/secondary -I/Users/riccardo/Documents/Projects/eagle/hv-bms-cellboard-sw/Core/Lib/micro-libs/blinky/inc -I/Users/riccardo/Documents/Projects/eagle/hv-bms-cellboard-sw/Core/Lib/micro-libs/bms-monitor/inc -I/Users/riccardo/Documents/Projects/eagle/hv-bms-cellboard-sw/Core/Lib/micro-libs/ring-buffer/inc -I/Users/riccardo/Documents/Projects/eagle/hv-bms-cellboard-sw/Core/Lib/micro-libs/min-heap/inc -ICore/Lib/micro-libs/timer-utils -IDrivers/STM32G4xx_HAL_Driver/Inc -IDrivers/STM32G4xx_HAL_Driver/Inc/Legacy -IDrivers/CMSIS/Device/ST/STM32G4xx/Include -IDrivers/CMSIS/Include -ICore/Inc -Og -Wall -fdata-sections -ffunction-sections -g -gdwarf-2 -MMD -MP -MF"build/stm32g4xx_hal_uart.d" -Wa,-a,-ad,-alms=build/stm32g4xx_hal_uart.lst Drivers/STM32G4xx_HAL_Driver/Src/stm32g4xx_hal_uart.c -o build/stm32g4xx_hal_uart.o
arm-none-eabi-gcc -c -mcpu=cortex-m4 -mthumb -mfpu=fpv4-sp-d16 -mfloat-abi=hard -DUSE_HAL_DRIVER -DSTM32G4A1xx -ICore/Inc/bms -ICore/Inc/bms/timebase -ICore/Inc/bms/errors -ICore/Inc/common -ICore/Lib/can/lib -ICore/Lib/can/lib/bms -ICore/Lib/can/lib/ivts -ICore/Lib/can/lib/simulator -ICore/Lib/can/lib/primary -ICore/Lib/can/lib/inverters -ICore/Lib/can/lib/secondary -I/Users/riccardo/Documents/Projects/eagle/hv-bms-cellboard-sw/Core/Lib/micro-libs/blinky/inc -I/Users/riccardo/Documents/Projects/eagle/hv-bms-cellboard-sw/Core/Lib/micro-libs/bms-monitor/inc -I/Users/riccardo/Documents/Projects/eagle/hv-bms-cellboard-sw/Core/Lib/micro-libs/ring-buffer/inc -I/Users/riccardo/Documents/Projects/eagle/hv-bms-cellboard-sw/Core/Lib/micro-libs/min-heap/inc -ICore/Lib/micro-libs/timer-utils -IDrivers/STM32G4xx_HAL_Driver/Inc -IDrivers/STM32G4xx_HAL_Driver/Inc/Legacy -IDrivers/CMSIS/Device/ST/STM32G4xx/Include -IDrivers/CMSIS/Include -ICore/Inc -Og -Wall -fdata-sections -ffunction-sections -g -gdwarf-2 -MMD -MP -MF"build/stm32g4xx_hal_uart_ex.d" -Wa,-a,-ad,-alms=build/stm32g4xx_hal_uart_ex.lst Drivers/STM32G4xx_HAL_Driver/Src/stm32g4xx_hal_uart_ex.c -o build/stm32g4xx_hal_uart_ex.o
arm-none-eabi-gcc -c -mcpu=cortex-m4 -mthumb -mfpu=fpv4-sp-d16 -mfloat-abi=hard -DUSE_HAL_DRIVER -DSTM32G4A1xx -ICore/Inc/bms -ICore/Inc/bms/timebase -ICore/Inc/bms/errors -ICore/Inc/common -ICore/Lib/can/lib -ICore/Lib/can/lib/bms -ICore/Lib/can/lib/ivts -ICore/Lib/can/lib/simulator -ICore/Lib/can/lib/primary -ICore/Lib/can/lib/inverters -ICore/Lib/can/lib/secondary -I/Users/riccardo/Documents/Projects/eagle/hv-bms-cellboard-sw/Core/Lib/micro-libs/blinky/inc -I/Users/riccardo/Documents/Projects/eagle/hv-bms-cellboard-sw/Core/Lib/micro-libs/bms-monitor/inc -I/Users/riccardo/Documents/Projects/eagle/hv-bms-cellboard-sw/Core/Lib/micro-libs/ring-buffer/inc -I/Users/riccardo/Documents/Projects/eagle/hv-bms-cellboard-sw/Core/Lib/micro-libs/min-heap/inc -ICore/Lib/micro-libs/timer-utils -IDrivers/STM32G4xx_HAL_Driver/Inc -IDrivers/STM32G4xx_HAL_Driver/Inc/Legacy -IDrivers/CMSIS/Device/ST/STM32G4xx/Include -IDrivers/CMSIS/Include -ICore/Inc -Og -Wall -fdata-sections -ffunction-sections -g -gdwarf-2 -MMD -MP -MF"build/main.d" -Wa,-a,-ad,-alms=build/main.lst Core/Src/main.c -o build/main.o
arm-none-eabi-gcc -c -mcpu=cortex-m4 -mthumb -mfpu=fpv4-sp-d16 -mfloat-abi=hard -DUSE_HAL_DRIVER -DSTM32G4A1xx -ICore/Inc/bms -ICore/Inc/bms/timebase -ICore/Inc/bms/errors -ICore/Inc/common -ICore/Lib/can/lib -ICore/Lib/can/lib/bms -ICore/Lib/can/lib/ivts -ICore/Lib/can/lib/simulator -ICore/Lib/can/lib/primary -ICore/Lib/can/lib/inverters -ICore/Lib/can/lib/secondary -I/Users/riccardo/Documents/Projects/eagle/hv-bms-cellboard-sw/Core/Lib/micro-libs/blinky/inc -I/Users/riccardo/Documents/Projects/eagle/hv-bms-cellboard-sw/Core/Lib/micro-libs/bms-monitor/inc -I/Users/riccardo/Documents/Projects/eagle/hv-bms-cellboard-sw/Core/Lib/micro-libs/ring-buffer/inc -I/Users/riccardo/Documents/Projects/eagle/hv-bms-cellboard-sw/Core/Lib/micro-libs/min-heap/inc -ICore/Lib/micro-libs/timer-utils -IDrivers/STM32G4xx_HAL_Driver/Inc -IDrivers/STM32G4xx_HAL_Driver/Inc/Legacy -IDrivers/CMSIS/Device/ST/STM32G4xx/Include -IDrivers/CMSIS/Include -ICore/Inc -Og -Wall -fdata-sections -ffunction-sections -g -gdwarf-2 -MMD -MP -MF"build/gpio.d" -Wa,-a,-ad,-alms=build/gpio.lst Core/Src/gpio.c -o build/gpio.o
arm-none-eabi-gcc -c -mcpu=cortex-m4 -mthumb -mfpu=fpv4-sp-d16 -mfloat-abi=hard -DUSE_HAL_DRIVER -DSTM32G4A1xx -ICore/Inc/bms -ICore/Inc/bms/timebase -ICore/Inc/bms/errors -ICore/Inc/common -ICore/Lib/can/lib -ICore/Lib/can/lib/bms -ICore/Lib/can/lib/ivts -ICore/Lib/can/lib/simulator -ICore/Lib/can/lib/primary -ICore/Lib/can/lib/inverters -ICore/Lib/can/lib/secondary -I/Users/riccardo/Documents/Projects/eagle/hv-bms-cellboard-sw/Core/Lib/micro-libs/blinky/inc -I/Users/riccardo/Documents/Projects/eagle/hv-bms-cellboard-sw/Core/Lib/micro-libs/bms-monitor/inc -I/Users/riccardo/Documents/Projects/eagle/hv-bms-cellboard-sw/Core/Lib/micro-libs/ring-buffer/inc -I/Users/riccardo/Documents/Projects/eagle/hv-bms-cellboard-sw/Core/Lib/micro-libs/min-heap/inc -ICore/Lib/micro-libs/timer-utils -IDrivers/STM32G4xx_HAL_Driver/Inc -IDrivers/STM32G4xx_HAL_Driver/Inc/Legacy -IDrivers/CMSIS/Device/ST/STM32G4xx/Include -IDrivers/CMSIS/Include -ICore/Inc -Og -Wall -fdata-sections -ffunction-sections -g -gdwarf-2 -MMD -MP -MF"build/adc.d" -Wa,-a,-ad,-alms=build/adc.lst Core/Src/adc.c -o build/adc.o
arm-none-eabi-gcc -c -mcpu=cortex-m4 -mthumb -mfpu=fpv4-sp-d16 -mfloat-abi=hard -DUSE_HAL_DRIVER -DSTM32G4A1xx -ICore/Inc/bms -ICore/Inc/bms/timebase -ICore/Inc/bms/errors -ICore/Inc/common -ICore/Lib/can/lib -ICore/Lib/can/lib/bms -ICore/Lib/can/lib/ivts -ICore/Lib/can/lib/simulator -ICore/Lib/can/lib/primary -ICore/Lib/can/lib/inverters -ICore/Lib/can/lib/secondary -I/Users/riccardo/Documents/Projects/eagle/hv-bms-cellboard-sw/Core/Lib/micro-libs/blinky/inc -I/Users/riccardo/Documents/Projects/eagle/hv-bms-cellboard-sw/Core/Lib/micro-libs/bms-monitor/inc -I/Users/riccardo/Documents/Projects/eagle/hv-bms-cellboard-sw/Core/Lib/micro-libs/ring-buffer/inc -I/Users/riccardo/Documents/Projects/eagle/hv-bms-cellboard-sw/Core/Lib/micro-libs/min-heap/inc -ICore/Lib/micro-libs/timer-utils -IDrivers/STM32G4xx_HAL_Driver/Inc -IDrivers/STM32G4xx_HAL_Driver/Inc/Legacy -IDrivers/CMSIS/Device/ST/STM32G4xx/Include -IDrivers/CMSIS/Include -ICore/Inc -Og -Wall -fdata-sections -ffunction-sections -g -gdwarf-2 -MMD -MP -MF"build/fdcan.d" -Wa,-a,-ad,-alms=build/fdcan.lst Core/Src/fdcan.c -o build/fdcan.o
arm-none-eabi-gcc -c -mcpu=cortex-m4 -mthumb -mfpu=fpv4-sp-d16 -mfloat-abi=hard -DUSE_HAL_DRIVER -DSTM32G4A1xx -ICore/Inc/bms -ICore/Inc/bms/timebase -ICore/Inc/bms/errors -ICore/Inc/common -ICore/Lib/can/lib -ICore/Lib/can/lib/bms -ICore/Lib/can/lib/ivts -ICore/Lib/can/lib/simulator -ICore/Lib/can/lib/primary -ICore/Lib/can/lib/inverters -ICore/Lib/can/lib/secondary -I/Users/riccardo/Documents/Projects/eagle/hv-bms-cellboard-sw/Core/Lib/micro-libs/blinky/inc -I/Users/riccardo/Documents/Projects/eagle/hv-bms-cellboard-sw/Core/Lib/micro-libs/bms-monitor/inc -I/Users/riccardo/Documents/Projects/eagle/hv-bms-cellboard-sw/Core/Lib/micro-libs/ring-buffer/inc -I/Users/riccardo/Documents/Projects/eagle/hv-bms-cellboard-sw/Core/Lib/micro-libs/min-heap/inc -ICore/Lib/micro-libs/timer-utils -IDrivers/STM32G4xx_HAL_Driver/Inc -IDrivers/STM32G4xx_HAL_Driver/Inc/Legacy -IDrivers/CMSIS/Device/ST/STM32G4xx/Include -IDrivers/CMSIS/Include -ICore/Inc -Og -Wall -fdata-sections -ffunction-sections -g -gdwarf-2 -MMD -MP -MF"build/spi.d" -Wa,-a,-ad,-alms=build/spi.lst Core/Src/spi.c -o build/spi.o
arm-none-eabi-gcc -c -mcpu=cortex-m4 -mthumb -mfpu=fpv4-sp-d16 -mfloat-abi=hard -DUSE_HAL_DRIVER -DSTM32G4A1xx -ICore/Inc/bms -ICore/Inc/bms/timebase -ICore/Inc/bms/errors -ICore/Inc/common -ICore/Lib/can/lib -ICore/Lib/can/lib/bms -ICore/Lib/can/lib/ivts -ICore/Lib/can/lib/simulator -ICore/Lib/can/lib/primary -ICore/Lib/can/lib/inverters -ICore/Lib/can/lib/secondary -I/Users/riccardo/Documents/Projects/eagle/hv-bms-cellboard-sw/Core/Lib/micro-libs/blinky/inc -I/Users/riccardo/Documents/Projects/eagle/hv-bms-cellboard-sw/Core/Lib/micro-libs/bms-monitor/inc -I/Users/riccardo/Documents/Projects/eagle/hv-bms-cellboard-sw/Core/Lib/micro-libs/ring-buffer/inc -I/Users/riccardo/Documents/Projects/eagle/hv-bms-cellboard-sw/Core/Lib/micro-libs/min-heap/inc -ICore/Lib/micro-libs/timer-utils -IDrivers/STM32G4xx_HAL_Driver/Inc -IDrivers/STM32G4xx_HAL_Driver/Inc/Legacy -IDrivers/CMSIS/Device/ST/STM32G4xx/Include -IDrivers/CMSIS/Include -ICore/Inc -Og -Wall -fdata-sections -ffunction-sections -g -gdwarf-2 -MMD -MP -MF"build/tim.d" -Wa,-a,-ad,-alms=build/tim.lst Core/Src/tim.c -o build/tim.o
arm-none-eabi-gcc -c -mcpu=cortex-m4 -mthumb -mfpu=fpv4-sp-d16 -mfloat-abi=hard -DUSE_HAL_DRIVER -DSTM32G4A1xx -ICore/Inc/bms -ICore/Inc/bms/timebase -ICore/Inc/bms/errors -ICore/Inc/common -ICore/Lib/can/lib -ICore/Lib/can/lib/bms -ICore/Lib/can/lib/ivts -ICore/Lib/can/lib/simulator -ICore/Lib/can/lib/primary -ICore/Lib/can/lib/inverters -ICore/Lib/can/lib/secondary -I/Users/riccardo/Documents/Projects/eagle/hv-bms-cellboard-sw/Core/Lib/micro-libs/blinky/inc -I/Users/riccardo/Documents/Projects/eagle/hv-bms-cellboard-sw/Core/Lib/micro-libs/bms-monitor/inc -I/Users/riccardo/Documents/Projects/eagle/hv-bms-cellboard-sw/Core/Lib/micro-libs/ring-buffer/inc -I/Users/riccardo/Documents/Projects/eagle/hv-bms-cellboard-sw/Core/Lib/micro-libs/min-heap/inc -ICore/Lib/micro-libs/timer-utils -IDrivers/STM32G4xx_HAL_Driver/Inc -IDrivers/STM32G4xx_HAL_Driver/Inc/Legacy -IDrivers/CMSIS/Device/ST/STM32G4xx/Include -IDrivers/CMSIS/Include -ICore/Inc -Og -Wall -fdata-sections -ffunction-sections -g -gdwarf-2 -MMD -MP -MF"build/usart.d" -Wa,-a,-ad,-alms=build/usart.lst Core/Src/usart.c -o build/usart.o
arm-none-eabi-gcc -c -mcpu=cortex-m4 -mthumb -mfpu=fpv4-sp-d16 -mfloat-abi=hard -DUSE_HAL_DRIVER -DSTM32G4A1xx -ICore/Inc/bms -ICore/Inc/bms/timebase -ICore/Inc/bms/errors -ICore/Inc/common -ICore/Lib/can/lib -ICore/Lib/can/lib/bms -ICore/Lib/can/lib/ivts -ICore/Lib/can/lib/simulator -ICore/Lib/can/lib/primary -ICore/Lib/can/lib/inverters -ICore/Lib/can/lib/secondary -I/Users/riccardo/Documents/Projects/eagle/hv-bms-cellboard-sw/Core/Lib/micro-libs/blinky/inc -I/Users/riccardo/Documents/Projects/eagle/hv-bms-cellboard-sw/Core/Lib/micro-libs/bms-monitor/inc -I/Users/riccardo/Documents/Projects/eagle/hv-bms-cellboard-sw/Core/Lib/micro-libs/ring-buffer/inc -I/Users/riccardo/Documents/Projects/eagle/hv-bms-cellboard-sw/Core/Lib/micro-libs/min-heap/inc -ICore/Lib/micro-libs/timer-utils -IDrivers/STM32G4xx_HAL_Driver/Inc -IDrivers/STM32G4xx_HAL_Driver/Inc/Legacy -IDrivers/CMSIS/Device/ST/STM32G4xx/Include -IDrivers/CMSIS/Include -ICore/Inc -Og -Wall -fdata-sections -ffunction-sections -g -gdwarf-2 -MMD -MP -MF"build/stm32g4xx_it.d" -Wa,-a,-ad,-alms=build/stm32g4xx_it.lst Core/Src/stm32g4xx_it.c -o build/stm32g4xx_it.o
arm-none-eabi-gcc -c -mcpu=cortex-m4 -mthumb -mfpu=fpv4-sp-d16 -mfloat-abi=hard -DUSE_HAL_DRIVER -DSTM32G4A1xx -ICore/Inc/bms -ICore/Inc/bms/timebase -ICore/Inc/bms/errors -ICore/Inc/common -ICore/Lib/can/lib -ICore/Lib/can/lib/bms -ICore/Lib/can/lib/ivts -ICore/Lib/can/lib/simulator -ICore/Lib/can/lib/primary -ICore/Lib/can/lib/inverters -ICore/Lib/can/lib/secondary -I/Users/riccardo/Documents/Projects/eagle/hv-bms-cellboard-sw/Core/Lib/micro-libs/blinky/inc -I/Users/riccardo/Documents/Projects/eagle/hv-bms-cellboard-sw/Core/Lib/micro-libs/bms-monitor/inc -I/Users/riccardo/Documents/Projects/eagle/hv-bms-cellboard-sw/Core/Lib/micro-libs/ring-buffer/inc -I/Users/riccardo/Documents/Projects/eagle/hv-bms-cellboard-sw/Core/Lib/micro-libs/min-heap/inc -ICore/Lib/micro-libs/timer-utils -IDrivers/STM32G4xx_HAL_Driver/Inc -IDrivers/STM32G4xx_HAL_Driver/Inc/Legacy -IDrivers/CMSIS/Device/ST/STM32G4xx/Include -IDrivers/CMSIS/Include -ICore/Inc -Og -Wall -fdata-sections -ffunction-sections -g -gdwarf-2 -MMD -MP -MF"build/stm32g4xx_hal_msp.d" -Wa,-a,-ad,-alms=build/stm32g4xx_hal_msp.lst Core/Src/stm32g4xx_hal_msp.c -o build/stm32g4xx_hal_msp.o
arm-none-eabi-gcc -c -mcpu=cortex-m4 -mthumb -mfpu=fpv4-sp-d16 -mfloat-abi=hard -DUSE_HAL_DRIVER -DSTM32G4A1xx -ICore/Inc/bms -ICore/Inc/bms/timebase -ICore/Inc/bms/errors -ICore/Inc/common -ICore/Lib/can/lib -ICore/Lib/can/lib/bms -ICore/Lib/can/lib/ivts -ICore/Lib/can/lib/simulator -ICore/Lib/can/lib/primary -ICore/Lib/can/lib/inverters -ICore/Lib/can/lib/secondary -I/Users/riccardo/Documents/Projects/eagle/hv-bms-cellboard-sw/Core/Lib/micro-libs/blinky/inc -I/Users/riccardo/Documents/Projects/eagle/hv-bms-cellboard-sw/Core/Lib/micro-libs/bms-monitor/inc -I/Users/riccardo/Documents/Projects/eagle/hv-bms-cellboard-sw/Core/Lib/micro-libs/ring-buffer/inc -I/Users/riccardo/Documents/Projects/eagle/hv-bms-cellboard-sw/Core/Lib/micro-libs/min-heap/inc -ICore/Lib/micro-libs/timer-utils -IDrivers/STM32G4xx_HAL_Driver/Inc -IDrivers/STM32G4xx_HAL_Driver/Inc/Legacy -IDrivers/CMSIS/Device/ST/STM32G4xx/Include -IDrivers/CMSIS/Include -ICore/Inc -Og -Wall -fdata-sections -ffunction-sections -g -gdwarf-2 -MMD -MP -MF"build/system_stm32g4xx.d" -Wa,-a,-ad,-alms=build/system_stm32g4xx.lst Core/Src/system_stm32g4xx.c -o build/system_stm32g4xx.o
arm-none-eabi-gcc -c -mcpu=cortex-m4 -mthumb -mfpu=fpv4-sp-d16 -mfloat-abi=hard -DUSE_HAL_DRIVER -DSTM32G4A1xx -ICore/Inc/bms -ICore/Inc/bms/timebase -ICore/Inc/bms/errors -ICore/Inc/common -ICore/Lib/can/lib -ICore/Lib/can/lib/bms -ICore/Lib/can/lib/ivts -ICore/Lib/can/lib/simulator -ICore/Lib/can/lib/primary -ICore/Lib/can/lib/inverters -ICore/Lib/can/lib/secondary -I/Users/riccardo/Documents/Projects/eagle/hv-bms-cellboard-sw/Core/Lib/micro-libs/blinky/inc -I/Users/riccardo/Documents/Projects/eagle/hv-bms-cellboard-sw/Core/Lib/micro-libs/bms-monitor/inc -I/Users/riccardo/Documents/Projects/eagle/hv-bms-cellboard-sw/Core/Lib/micro-libs/ring-buffer/inc -I/Users/riccardo/Documents/Projects/eagle/hv-bms-cellboard-sw/Core/Lib/micro-libs/min-heap/inc -ICore/Lib/micro-libs/timer-utils -IDrivers/STM32G4xx_HAL_Driver/Inc -IDrivers/STM32G4xx_HAL_Driver/Inc/Legacy -IDrivers/CMSIS/Device/ST/STM32G4xx/Include -IDrivers/CMSIS/Include -ICore/Inc -Og -Wall -fdata-sections -ffunction-sections -g -gdwarf-2 -MMD -MP -MF"build/sysmem.d" -Wa,-a,-ad,-alms=build/sysmem.lst Core/Src/sysmem.c -o build/sysmem.o
arm-none-eabi-gcc -c -mcpu=cortex-m4 -mthumb -mfpu=fpv4-sp-d16 -mfloat-abi=hard -DUSE_HAL_DRIVER -DSTM32G4A1xx -ICore/Inc/bms -ICore/Inc/bms/timebase -ICore/Inc/bms/errors -ICore/Inc/common -ICore/Lib/can/lib -ICore/Lib/can/lib/bms -ICore/Lib/can/lib/ivts -ICore/Lib/can/lib/simulator -ICore/Lib/can/lib/primary -ICore/Lib/can/lib/inverters -ICore/Lib/can/lib/secondary -I/Users/riccardo/Documents/Projects/eagle/hv-bms-cellboard-sw/Core/Lib/micro-libs/blinky/inc -I/Users/riccardo/Documents/Projects/eagle/hv-bms-cellboard-sw/Core/Lib/micro-libs/bms-monitor/inc -I/Users/riccardo/Documents/Projects/eagle/hv-bms-cellboard-sw/Core/Lib/micro-libs/ring-buffer/inc -I/Users/riccardo/Documents/Projects/eagle/hv-bms-cellboard-sw/Core/Lib/micro-libs/min-heap/inc -ICore/Lib/micro-libs/timer-utils -IDrivers/STM32G4xx_HAL_Driver/Inc -IDrivers/STM32G4xx_HAL_Driver/Inc/Legacy -IDrivers/CMSIS/Device/ST/STM32G4xx/Include -IDrivers/CMSIS/Include -ICore/Inc -Og -Wall -fdata-sections -ffunction-sections -g -gdwarf-2 -MMD -MP -MF"build/syscalls.d" -Wa,-a,-ad,-alms=build/syscalls.lst Core/Src/syscalls.c -o build/syscalls.o
arm-none-eabi-gcc -x assembler-with-cpp -c -mcpu=cortex-m4 -mthumb -mfpu=fpv4-sp-d16 -mfloat-abi=hard -DUSE_HAL_DRIVER -DSTM32G4A1xx -ICore/Inc/bms -ICore/Inc/bms/timebase -ICore/Inc/bms/errors -ICore/Inc/common -ICore/Lib/can/lib -ICore/Lib/can/lib/bms -ICore/Lib/can/lib/ivts -ICore/Lib/can/lib/simulator -ICore/Lib/can/lib/primary -ICore/Lib/can/lib/inverters -ICore/Lib/can/lib/secondary -I/Users/riccardo/Documents/Projects/eagle/hv-bms-cellboard-sw/Core/Lib/micro-libs/blinky/inc -I/Users/riccardo/Documents/Projects/eagle/hv-bms-cellboard-sw/Core/Lib/micro-libs/bms-monitor/inc -I/Users/riccardo/Documents/Projects/eagle/hv-bms-cellboard-sw/Core/Lib/micro-libs/ring-buffer/inc -I/Users/riccardo/Documents/Projects/eagle/hv-bms-cellboard-sw/Core/Lib/micro-libs/min-heap/inc -ICore/Lib/micro-libs/timer-utils -IDrivers/STM32G4xx_HAL_Driver/Inc -IDrivers/STM32G4xx_HAL_Driver/Inc/Legacy -IDrivers/CMSIS/Device/ST/STM32G4xx/Include -IDrivers/CMSIS/Include -ICore/Inc -Og -Wall -fdata-sections -ffunction-sections -g -gdwarf-2 -MMD -MP -MF"build/startup_stm32g4a1xx.d" startup_stm32g4a1xx.s -o build/startup_stm32g4a1xx.o
arm-none-eabi-gcc build/led.o build/identity.o build/temp.o build/volt.o build/canlib-watchdog.o build/can-comm.o build/bms-manager.o build/bal.o build/programmer.o build/post.o build/timebase.o build/watchdog.o build/tasks.o build/fsm.o build/error.o build/canlib_device.o build/bms_watchdog.o build/bms_network.o build/bms_utils.o build/blinky.o build/ltc6811.o build/bms-monitor.o build/ring-buffer.o build/min-heap.o build/timer_utils.o build/stm32g4xx_hal_tim.o build/stm32g4xx_hal_tim_ex.o build/stm32g4xx_hal_pwr_ex.o build/stm32g4xx_hal.o build/stm32g4xx_hal_rcc.o build/stm32g4xx_hal_rcc_ex.o build/stm32g4xx_hal_flash.o build/stm32g4xx_hal_flash_ex.o build/stm32g4xx_hal_flash_ramfunc.o build/stm32g4xx_hal_gpio.o build/stm32g4xx_hal_exti.o build/stm32g4xx_hal_dma.o build/stm32g4xx_hal_dma_ex.o build/stm32g4xx_hal_pwr.o build/stm32g4xx_hal_cortex.o build/stm32g4xx_hal_adc.o build/stm32g4xx_hal_adc_ex.o build/stm32g4xx_ll_adc.o build/stm32g4xx_hal_fdcan.o build/stm32g4xx_hal_spi.o build/stm32g4xx_hal_spi_ex.o build/stm32g4xx_hal_uart.o build/stm32g4xx_hal_uart_ex.o build/main.o build/gpio.o build/adc.o build/fdcan.o build/spi.o build/tim.o build/usart.o build/stm32g4xx_it.o build/stm32g4xx_hal_msp.o build/system_stm32g4xx.o build/sysmem.o build/syscalls.o build/startup_stm32g4a1xx.o  -mcpu=cortex-m4 -mthumb -mfpu=fpv4-sp-d16 -mfloat-abi=hard -specs=nano.specs -TSTM32G4A1KEUx_FLASH.ld  -lc -lm -lnosys  -Wl,-Map=build/hv-bms-cellboard-sw.map,--cref -Wl,--gc-sections -o build/hv-bms-cellboard-sw.elf
arm-none-eabi-size build/hv-bms-cellboard-sw.elf
   text	   data	    bss	    dec	    hex	filename
  38756	    656	   4776	  44188	   ac9c	build/hv-bms-cellboard-sw.elf
arm-none-eabi-objcopy -O ihex build/hv-bms-cellboard-sw.elf build/hv-bms-cellboard-sw.hex
arm-none-eabi-objcopy -O binary -S build/hv-bms-cellboard-sw.elf build/hv-bms-cellboard-sw.bin	
